Copyright 1986-2022 Xilinx, Inc. All Rights Reserved. Copyright 2022-2025 Advanced Micro Devices, Inc. All Rights Reserved.
---------------------------------------------------------------------------------------------------------------------------------------------
| Tool Version : Vivado v.2025.2 (win64) Build 6299465 Fri Nov 14 19:35:11 GMT 2025
| Date         : Wed Jan  7 04:05:06 2026
| Host         : arthur-desktop running 64-bit major release  (build 9200)
| Command      : report_utilization -hierarchical -return_string
| Design       : MariusMethod_25
| Device       : xc7z007sclg225-1
| Speed File   : -1
| Design State : Routed
---------------------------------------------------------------------------------------------------------------------------------------------

Utilization Design Information

Table of Contents
-----------------
1. Utilization by Hierarchy

1. Utilization by Hierarchy
---------------------------

+-----------------+--------+------------+------------+---------+------+-----+--------+--------+------------+
|     Instance    | Module | Total LUTs | Logic LUTs | LUTRAMs | SRLs | FFs | RAMB36 | RAMB18 | DSP Blocks |
+-----------------+--------+------------+------------+---------+------+-----+--------+--------+------------+
| MariusMethod_25 |  (top) |      13184 |      13184 |       0 |    0 |  29 |      0 |      0 |          0 |
+-----------------+--------+------------+------------+---------+------+-----+--------+--------+------------+
* Note: The sum of lower-level cells may be larger than their parent cells total, due to cross-hierarchy LUT combining


