Copyright 1986-2022 Xilinx, Inc. All Rights Reserved. Copyright 2022-2025 Advanced Micro Devices, Inc. All Rights Reserved.
---------------------------------------------------------------------------------------------------------------------------------------------
| Tool Version : Vivado v.2025.2 (win64) Build 6299465 Fri Nov 14 19:35:11 GMT 2025
| Date         : Mon Jan  5 12:44:20 2026
| Host         : arthur-desktop running 64-bit major release  (build 9200)
| Command      : report_drc -file design_1_wrapper_drc_opted.rpt -pb design_1_wrapper_drc_opted.pb -rpx design_1_wrapper_drc_opted.rpx
| Design       : design_1_wrapper
| Device       : xc7z007sclg225-1
| Speed File   : -1
| Design State : Synthesized
---------------------------------------------------------------------------------------------------------------------------------------------

Report DRC

Table of Contents
-----------------
1. REPORT SUMMARY
2. REPORT DETAILS

1. REPORT SUMMARY
-----------------
            Netlist: netlist
          Floorplan: design_1
      Design limits: <entire design considered>
           Ruledeck: default
             Max checks: <unlimited>
             Checks found: 34
+--------+----------+------------------------+--------+
| Rule   | Severity | Description            | Checks |
+--------+----------+------------------------+--------+
| DPIP-1 | Warning  | Input pipelining       | 16     |
| DPOP-1 | Warning  | PREG Output pipelining | 9      |
| DPOP-2 | Warning  | MREG Output pipelining | 9      |
+--------+----------+------------------------+--------+

2. REPORT DETAILS
-----------------
DPIP-1#1 Warning
Input pipelining  
DSP design_1_i/logmapAXI_0/U0/logmapAXI_slave_lite_v1_0_S00_AXI_inst/u_iter/x0 input design_1_i/logmapAXI_0/U0/logmapAXI_slave_lite_v1_0_S00_AXI_inst/u_iter/x0/A[29:0] is not pipelined. Pipelining DSP48 input will improve performance.
Related violations: <none>

DPIP-1#2 Warning
Input pipelining  
DSP design_1_i/logmapAXI_0/U0/logmapAXI_slave_lite_v1_0_S00_AXI_inst/u_iter/x0__0 input design_1_i/logmapAXI_0/U0/logmapAXI_slave_lite_v1_0_S00_AXI_inst/u_iter/x0__0/B[17:0] is not pipelined. Pipelining DSP48 input will improve performance.
Related violations: <none>

DPIP-1#3 Warning
Input pipelining  
DSP design_1_i/logmapAXI_0/U0/logmapAXI_slave_lite_v1_0_S00_AXI_inst/u_iter/x0__1 input design_1_i/logmapAXI_0/U0/logmapAXI_slave_lite_v1_0_S00_AXI_inst/u_iter/x0__1/A[29:0] is not pipelined. Pipelining DSP48 input will improve performance.
Related violations: <none>

DPIP-1#4 Warning
Input pipelining  
DSP design_1_i/logmapAXI_0/U0/logmapAXI_slave_lite_v1_0_S00_AXI_inst/u_iter/x0__10 input design_1_i/logmapAXI_0/U0/logmapAXI_slave_lite_v1_0_S00_AXI_inst/u_iter/x0__10/B[17:0] is not pipelined. Pipelining DSP48 input will improve performance.
Related violations: <none>

DPIP-1#5 Warning
Input pipelining  
DSP design_1_i/logmapAXI_0/U0/logmapAXI_slave_lite_v1_0_S00_AXI_inst/u_iter/x0__11 input design_1_i/logmapAXI_0/U0/logmapAXI_slave_lite_v1_0_S00_AXI_inst/u_iter/x0__11/B[17:0] is not pipelined. Pipelining DSP48 input will improve performance.
Related violations: <none>

DPIP-1#6 Warning
Input pipelining  
DSP design_1_i/logmapAXI_0/U0/logmapAXI_slave_lite_v1_0_S00_AXI_inst/u_iter/x0__12 input design_1_i/logmapAXI_0/U0/logmapAXI_slave_lite_v1_0_S00_AXI_inst/u_iter/x0__12/B[17:0] is not pipelined. Pipelining DSP48 input will improve performance.
Related violations: <none>

DPIP-1#7 Warning
Input pipelining  
DSP design_1_i/logmapAXI_0/U0/logmapAXI_slave_lite_v1_0_S00_AXI_inst/u_iter/x0__13 input design_1_i/logmapAXI_0/U0/logmapAXI_slave_lite_v1_0_S00_AXI_inst/u_iter/x0__13/B[17:0] is not pipelined. Pipelining DSP48 input will improve performance.
Related violations: <none>

DPIP-1#8 Warning
Input pipelining  
DSP design_1_i/logmapAXI_0/U0/logmapAXI_slave_lite_v1_0_S00_AXI_inst/u_iter/x0__14 input design_1_i/logmapAXI_0/U0/logmapAXI_slave_lite_v1_0_S00_AXI_inst/u_iter/x0__14/B[17:0] is not pipelined. Pipelining DSP48 input will improve performance.
Related violations: <none>

DPIP-1#9 Warning
Input pipelining  
DSP design_1_i/logmapAXI_0/U0/logmapAXI_slave_lite_v1_0_S00_AXI_inst/u_iter/x0__2 input design_1_i/logmapAXI_0/U0/logmapAXI_slave_lite_v1_0_S00_AXI_inst/u_iter/x0__2/B[17:0] is not pipelined. Pipelining DSP48 input will improve performance.
Related violations: <none>

DPIP-1#10 Warning
Input pipelining  
DSP design_1_i/logmapAXI_0/U0/logmapAXI_slave_lite_v1_0_S00_AXI_inst/u_iter/x0__3 input design_1_i/logmapAXI_0/U0/logmapAXI_slave_lite_v1_0_S00_AXI_inst/u_iter/x0__3/B[17:0] is not pipelined. Pipelining DSP48 input will improve performance.
Related violations: <none>

DPIP-1#11 Warning
Input pipelining  
DSP design_1_i/logmapAXI_0/U0/logmapAXI_slave_lite_v1_0_S00_AXI_inst/u_iter/x0__4 input design_1_i/logmapAXI_0/U0/logmapAXI_slave_lite_v1_0_S00_AXI_inst/u_iter/x0__4/A[29:0] is not pipelined. Pipelining DSP48 input will improve performance.
Related violations: <none>

DPIP-1#12 Warning
Input pipelining  
DSP design_1_i/logmapAXI_0/U0/logmapAXI_slave_lite_v1_0_S00_AXI_inst/u_iter/x0__5 input design_1_i/logmapAXI_0/U0/logmapAXI_slave_lite_v1_0_S00_AXI_inst/u_iter/x0__5/B[17:0] is not pipelined. Pipelining DSP48 input will improve performance.
Related violations: <none>

DPIP-1#13 Warning
Input pipelining  
DSP design_1_i/logmapAXI_0/U0/logmapAXI_slave_lite_v1_0_S00_AXI_inst/u_iter/x0__6 input design_1_i/logmapAXI_0/U0/logmapAXI_slave_lite_v1_0_S00_AXI_inst/u_iter/x0__6/B[17:0] is not pipelined. Pipelining DSP48 input will improve performance.
Related violations: <none>

DPIP-1#14 Warning
Input pipelining  
DSP design_1_i/logmapAXI_0/U0/logmapAXI_slave_lite_v1_0_S00_AXI_inst/u_iter/x0__7 input design_1_i/logmapAXI_0/U0/logmapAXI_slave_lite_v1_0_S00_AXI_inst/u_iter/x0__7/B[17:0] is not pipelined. Pipelining DSP48 input will improve performance.
Related violations: <none>

DPIP-1#15 Warning
Input pipelining  
DSP design_1_i/logmapAXI_0/U0/logmapAXI_slave_lite_v1_0_S00_AXI_inst/u_iter/x0__8 input design_1_i/logmapAXI_0/U0/logmapAXI_slave_lite_v1_0_S00_AXI_inst/u_iter/x0__8/B[17:0] is not pipelined. Pipelining DSP48 input will improve performance.
Related violations: <none>

DPIP-1#16 Warning
Input pipelining  
DSP design_1_i/logmapAXI_0/U0/logmapAXI_slave_lite_v1_0_S00_AXI_inst/u_iter/x0__9 input design_1_i/logmapAXI_0/U0/logmapAXI_slave_lite_v1_0_S00_AXI_inst/u_iter/x0__9/B[17:0] is not pipelined. Pipelining DSP48 input will improve performance.
Related violations: <none>

DPOP-1#1 Warning
PREG Output pipelining  
DSP design_1_i/logmapAXI_0/U0/logmapAXI_slave_lite_v1_0_S00_AXI_inst/u_iter/x0 output design_1_i/logmapAXI_0/U0/logmapAXI_slave_lite_v1_0_S00_AXI_inst/u_iter/x0/P[47:0] is not pipelined (PREG=0). Pipelining the DSP48 output will improve performance and often saves power so it is suggested whenever possible to fully pipeline this function.  If this DSP48 function was inferred, it is suggested to describe an additional register stage after this function.  If the DSP48 was instantiated in the design, it is suggested to set the PREG attribute to 1.
Related violations: <none>

DPOP-1#2 Warning
PREG Output pipelining  
DSP design_1_i/logmapAXI_0/U0/logmapAXI_slave_lite_v1_0_S00_AXI_inst/u_iter/x0__1 output design_1_i/logmapAXI_0/U0/logmapAXI_slave_lite_v1_0_S00_AXI_inst/u_iter/x0__1/P[47:0] is not pipelined (PREG=0). Pipelining the DSP48 output will improve performance and often saves power so it is suggested whenever possible to fully pipeline this function.  If this DSP48 function was inferred, it is suggested to describe an additional register stage after this function.  If the DSP48 was instantiated in the design, it is suggested to set the PREG attribute to 1.
Related violations: <none>

DPOP-1#3 Warning
PREG Output pipelining  
DSP design_1_i/logmapAXI_0/U0/logmapAXI_slave_lite_v1_0_S00_AXI_inst/u_iter/x0__10 output design_1_i/logmapAXI_0/U0/logmapAXI_slave_lite_v1_0_S00_AXI_inst/u_iter/x0__10/P[47:0] is not pipelined (PREG=0). Pipelining the DSP48 output will improve performance and often saves power so it is suggested whenever possible to fully pipeline this function.  If this DSP48 function was inferred, it is suggested to describe an additional register stage after this function.  If the DSP48 was instantiated in the design, it is suggested to set the PREG attribute to 1.
Related violations: <none>

DPOP-1#4 Warning
PREG Output pipelining  
DSP design_1_i/logmapAXI_0/U0/logmapAXI_slave_lite_v1_0_S00_AXI_inst/u_iter/x0__13 output design_1_i/logmapAXI_0/U0/logmapAXI_slave_lite_v1_0_S00_AXI_inst/u_iter/x0__13/P[47:0] is not pipelined (PREG=0). Pipelining the DSP48 output will improve performance and often saves power so it is suggested whenever possible to fully pipeline this function.  If this DSP48 function was inferred, it is suggested to describe an additional register stage after this function.  If the DSP48 was instantiated in the design, it is suggested to set the PREG attribute to 1.
Related violations: <none>

DPOP-1#5 Warning
PREG Output pipelining  
DSP design_1_i/logmapAXI_0/U0/logmapAXI_slave_lite_v1_0_S00_AXI_inst/u_iter/x0__14 output design_1_i/logmapAXI_0/U0/logmapAXI_slave_lite_v1_0_S00_AXI_inst/u_iter/x0__14/P[47:0] is not pipelined (PREG=0). Pipelining the DSP48 output will improve performance and often saves power so it is suggested whenever possible to fully pipeline this function.  If this DSP48 function was inferred, it is suggested to describe an additional register stage after this function.  If the DSP48 was instantiated in the design, it is suggested to set the PREG attribute to 1.
Related violations: <none>

DPOP-1#6 Warning
PREG Output pipelining  
DSP design_1_i/logmapAXI_0/U0/logmapAXI_slave_lite_v1_0_S00_AXI_inst/u_iter/x0__2 output design_1_i/logmapAXI_0/U0/logmapAXI_slave_lite_v1_0_S00_AXI_inst/u_iter/x0__2/P[47:0] is not pipelined (PREG=0). Pipelining the DSP48 output will improve performance and often saves power so it is suggested whenever possible to fully pipeline this function.  If this DSP48 function was inferred, it is suggested to describe an additional register stage after this function.  If the DSP48 was instantiated in the design, it is suggested to set the PREG attribute to 1.
Related violations: <none>

DPOP-1#7 Warning
PREG Output pipelining  
DSP design_1_i/logmapAXI_0/U0/logmapAXI_slave_lite_v1_0_S00_AXI_inst/u_iter/x0__4 output design_1_i/logmapAXI_0/U0/logmapAXI_slave_lite_v1_0_S00_AXI_inst/u_iter/x0__4/P[47:0] is not pipelined (PREG=0). Pipelining the DSP48 output will improve performance and often saves power so it is suggested whenever possible to fully pipeline this function.  If this DSP48 function was inferred, it is suggested to describe an additional register stage after this function.  If the DSP48 was instantiated in the design, it is suggested to set the PREG attribute to 1.
Related violations: <none>

DPOP-1#8 Warning
PREG Output pipelining  
DSP design_1_i/logmapAXI_0/U0/logmapAXI_slave_lite_v1_0_S00_AXI_inst/u_iter/x0__6 output design_1_i/logmapAXI_0/U0/logmapAXI_slave_lite_v1_0_S00_AXI_inst/u_iter/x0__6/P[47:0] is not pipelined (PREG=0). Pipelining the DSP48 output will improve performance and often saves power so it is suggested whenever possible to fully pipeline this function.  If this DSP48 function was inferred, it is suggested to describe an additional register stage after this function.  If the DSP48 was instantiated in the design, it is suggested to set the PREG attribute to 1.
Related violations: <none>

DPOP-1#9 Warning
PREG Output pipelining  
DSP design_1_i/logmapAXI_0/U0/logmapAXI_slave_lite_v1_0_S00_AXI_inst/u_iter/x0__8 output design_1_i/logmapAXI_0/U0/logmapAXI_slave_lite_v1_0_S00_AXI_inst/u_iter/x0__8/P[47:0] is not pipelined (PREG=0). Pipelining the DSP48 output will improve performance and often saves power so it is suggested whenever possible to fully pipeline this function.  If this DSP48 function was inferred, it is suggested to describe an additional register stage after this function.  If the DSP48 was instantiated in the design, it is suggested to set the PREG attribute to 1.
Related violations: <none>

DPOP-2#1 Warning
MREG Output pipelining  
DSP design_1_i/logmapAXI_0/U0/logmapAXI_slave_lite_v1_0_S00_AXI_inst/u_iter/x0 multiplier stage design_1_i/logmapAXI_0/U0/logmapAXI_slave_lite_v1_0_S00_AXI_inst/u_iter/x0/P[47:0] is not pipelined (MREG=0). Pipelining the multiplier function will improve performance and will save significant power so it is suggested whenever possible to fully pipeline this function.  If this multiplier was inferred, it is suggested to describe an additional register stage after this function.  If there is no registered adder/accumulator following the multiply function, two pipeline stages are suggested to allow both the MREG and PREG registers to be used.  If the DSP48 was instantiated in the design, it is suggested to set both the MREG and PREG attributes to 1 when performing multiply functions.
Related violations: <none>

DPOP-2#2 Warning
MREG Output pipelining  
DSP design_1_i/logmapAXI_0/U0/logmapAXI_slave_lite_v1_0_S00_AXI_inst/u_iter/x0__1 multiplier stage design_1_i/logmapAXI_0/U0/logmapAXI_slave_lite_v1_0_S00_AXI_inst/u_iter/x0__1/P[47:0] is not pipelined (MREG=0). Pipelining the multiplier function will improve performance and will save significant power so it is suggested whenever possible to fully pipeline this function.  If this multiplier was inferred, it is suggested to describe an additional register stage after this function.  If there is no registered adder/accumulator following the multiply function, two pipeline stages are suggested to allow both the MREG and PREG registers to be used.  If the DSP48 was instantiated in the design, it is suggested to set both the MREG and PREG attributes to 1 when performing multiply functions.
Related violations: <none>

DPOP-2#3 Warning
MREG Output pipelining  
DSP design_1_i/logmapAXI_0/U0/logmapAXI_slave_lite_v1_0_S00_AXI_inst/u_iter/x0__10 multiplier stage design_1_i/logmapAXI_0/U0/logmapAXI_slave_lite_v1_0_S00_AXI_inst/u_iter/x0__10/P[47:0] is not pipelined (MREG=0). Pipelining the multiplier function will improve performance and will save significant power so it is suggested whenever possible to fully pipeline this function.  If this multiplier was inferred, it is suggested to describe an additional register stage after this function.  If there is no registered adder/accumulator following the multiply function, two pipeline stages are suggested to allow both the MREG and PREG registers to be used.  If the DSP48 was instantiated in the design, it is suggested to set both the MREG and PREG attributes to 1 when performing multiply functions.
Related violations: <none>

DPOP-2#4 Warning
MREG Output pipelining  
DSP design_1_i/logmapAXI_0/U0/logmapAXI_slave_lite_v1_0_S00_AXI_inst/u_iter/x0__13 multiplier stage design_1_i/logmapAXI_0/U0/logmapAXI_slave_lite_v1_0_S00_AXI_inst/u_iter/x0__13/P[47:0] is not pipelined (MREG=0). Pipelining the multiplier function will improve performance and will save significant power so it is suggested whenever possible to fully pipeline this function.  If this multiplier was inferred, it is suggested to describe an additional register stage after this function.  If there is no registered adder/accumulator following the multiply function, two pipeline stages are suggested to allow both the MREG and PREG registers to be used.  If the DSP48 was instantiated in the design, it is suggested to set both the MREG and PREG attributes to 1 when performing multiply functions.
Related violations: <none>

DPOP-2#5 Warning
MREG Output pipelining  
DSP design_1_i/logmapAXI_0/U0/logmapAXI_slave_lite_v1_0_S00_AXI_inst/u_iter/x0__14 multiplier stage design_1_i/logmapAXI_0/U0/logmapAXI_slave_lite_v1_0_S00_AXI_inst/u_iter/x0__14/P[47:0] is not pipelined (MREG=0). Pipelining the multiplier function will improve performance and will save significant power so it is suggested whenever possible to fully pipeline this function.  If this multiplier was inferred, it is suggested to describe an additional register stage after this function.  If there is no registered adder/accumulator following the multiply function, two pipeline stages are suggested to allow both the MREG and PREG registers to be used.  If the DSP48 was instantiated in the design, it is suggested to set both the MREG and PREG attributes to 1 when performing multiply functions.
Related violations: <none>

DPOP-2#6 Warning
MREG Output pipelining  
DSP design_1_i/logmapAXI_0/U0/logmapAXI_slave_lite_v1_0_S00_AXI_inst/u_iter/x0__2 multiplier stage design_1_i/logmapAXI_0/U0/logmapAXI_slave_lite_v1_0_S00_AXI_inst/u_iter/x0__2/P[47:0] is not pipelined (MREG=0). Pipelining the multiplier function will improve performance and will save significant power so it is suggested whenever possible to fully pipeline this function.  If this multiplier was inferred, it is suggested to describe an additional register stage after this function.  If there is no registered adder/accumulator following the multiply function, two pipeline stages are suggested to allow both the MREG and PREG registers to be used.  If the DSP48 was instantiated in the design, it is suggested to set both the MREG and PREG attributes to 1 when performing multiply functions.
Related violations: <none>

DPOP-2#7 Warning
MREG Output pipelining  
DSP design_1_i/logmapAXI_0/U0/logmapAXI_slave_lite_v1_0_S00_AXI_inst/u_iter/x0__4 multiplier stage design_1_i/logmapAXI_0/U0/logmapAXI_slave_lite_v1_0_S00_AXI_inst/u_iter/x0__4/P[47:0] is not pipelined (MREG=0). Pipelining the multiplier function will improve performance and will save significant power so it is suggested whenever possible to fully pipeline this function.  If this multiplier was inferred, it is suggested to describe an additional register stage after this function.  If there is no registered adder/accumulator following the multiply function, two pipeline stages are suggested to allow both the MREG and PREG registers to be used.  If the DSP48 was instantiated in the design, it is suggested to set both the MREG and PREG attributes to 1 when performing multiply functions.
Related violations: <none>

DPOP-2#8 Warning
MREG Output pipelining  
DSP design_1_i/logmapAXI_0/U0/logmapAXI_slave_lite_v1_0_S00_AXI_inst/u_iter/x0__6 multiplier stage design_1_i/logmapAXI_0/U0/logmapAXI_slave_lite_v1_0_S00_AXI_inst/u_iter/x0__6/P[47:0] is not pipelined (MREG=0). Pipelining the multiplier function will improve performance and will save significant power so it is suggested whenever possible to fully pipeline this function.  If this multiplier was inferred, it is suggested to describe an additional register stage after this function.  If there is no registered adder/accumulator following the multiply function, two pipeline stages are suggested to allow both the MREG and PREG registers to be used.  If the DSP48 was instantiated in the design, it is suggested to set both the MREG and PREG attributes to 1 when performing multiply functions.
Related violations: <none>

DPOP-2#9 Warning
MREG Output pipelining  
DSP design_1_i/logmapAXI_0/U0/logmapAXI_slave_lite_v1_0_S00_AXI_inst/u_iter/x0__8 multiplier stage design_1_i/logmapAXI_0/U0/logmapAXI_slave_lite_v1_0_S00_AXI_inst/u_iter/x0__8/P[47:0] is not pipelined (MREG=0). Pipelining the multiplier function will improve performance and will save significant power so it is suggested whenever possible to fully pipeline this function.  If this multiplier was inferred, it is suggested to describe an additional register stage after this function.  If there is no registered adder/accumulator following the multiply function, two pipeline stages are suggested to allow both the MREG and PREG registers to be used.  If the DSP48 was instantiated in the design, it is suggested to set both the MREG and PREG attributes to 1 when performing multiply functions.
Related violations: <none>


