
*** Running vivado
    with args -log design_1_wrapper.vdi -applog -m64 -product Vivado -messageDb vivado.pb -mode batch -source design_1_wrapper.tcl -notrace



****** Vivado v2025.2 (64-bit)
  **** SW Build 6299465 on Fri Nov 14 19:35:11 GMT 2025
  **** IP Build 6300035 on Fri Nov 14 10:48:45 MST 2025
  **** SharedData Build 6298862 on Thu Nov 13 04:50:51 MST 2025
  **** Start of session at: Mon Jan  5 12:43:39 2026
    ** Copyright 1986-2022 Xilinx, Inc. All Rights Reserved.
    ** Copyright 2022-2025 Advanced Micro Devices, Inc. All Rights Reserved.

source design_1_wrapper.tcl -notrace
create_project: Time (s): cpu = 00:00:10 ; elapsed = 00:00:06 . Memory (MB): peak = 545.695 ; gain = 232.621
INFO: [IP_Flow 19-234] Refreshing IP repositories
INFO: [IP_Flow 19-1700] Loaded user IP repository 'c:/Users/arthu/minimalv2/ip_repo/myip_1_0'.
INFO: [IP_Flow 19-1700] Loaded user IP repository 'c:/Users/arthu/minimalv2/ip_repo/logmapAXI_1_0'.
INFO: [IP_Flow 19-2313] Loaded Vivado IP repository 'C:/AMDDesignTools/2025.2/Vivado/data/ip'.
Command: link_design -top design_1_wrapper -part xc7z007sclg225-1
Design is defaulting to srcset: sources_1
Design is defaulting to constrset: constrs_1
INFO: [Device 21-403] Loading part xc7z007sclg225-1
INFO: [Project 1-5699] Read binary netlist with skipMacroContent - 1
INFO: [Project 1-454] Reading design checkpoint 'c:/Users/arthu/minimalv2/LogisticMap/LogisticMap.gen/sources_1/bd/design_1/ip/design_1_axi_smc_0/design_1_axi_smc_0.dcp' for cell 'design_1_i/axi_smc'
INFO: [Project 1-454] Reading design checkpoint 'c:/Users/arthu/minimalv2/LogisticMap/LogisticMap.gen/sources_1/bd/design_1/ip/design_1_logmapAXI_0_0/design_1_logmapAXI_0_0.dcp' for cell 'design_1_i/logmapAXI_0'
INFO: [Project 1-454] Reading design checkpoint 'c:/Users/arthu/minimalv2/LogisticMap/LogisticMap.gen/sources_1/bd/design_1/ip/design_1_logmapAXI_alt_0_0/design_1_logmapAXI_alt_0_0.dcp' for cell 'design_1_i/logmapAXI_alt_0'
INFO: [Project 1-454] Reading design checkpoint 'c:/Users/arthu/minimalv2/LogisticMap/LogisticMap.gen/sources_1/bd/design_1/ip/design_1_processing_system7_0_0/design_1_processing_system7_0_0.dcp' for cell 'design_1_i/processing_system7_0'
INFO: [Project 1-454] Reading design checkpoint 'c:/Users/arthu/minimalv2/LogisticMap/LogisticMap.gen/sources_1/bd/design_1/ip/design_1_rst_ps7_0_50M_0_1/design_1_rst_ps7_0_50M_0.dcp' for cell 'design_1_i/rst_ps7_0_50M'
Netlist sorting complete. Time (s): cpu = 00:00:00 ; elapsed = 00:00:00.233 . Memory (MB): peak = 847.270 ; gain = 0.000
INFO: [Netlist 29-17] Analyzing 566 Unisim elements for replacement
INFO: [Netlist 29-28] Unisim Transformation completed in 0 CPU seconds
INFO: [Project 1-479] Netlist was created with Vivado 2025.2
INFO: [Project 1-570] Preparing netlist for logic optimization
Parsing XDC File [c:/Users/arthu/minimalv2/LogisticMap/LogisticMap.gen/sources_1/bd/design_1/ip/design_1_processing_system7_0_0/design_1_processing_system7_0_0.xdc] for cell 'design_1_i/processing_system7_0/inst'
Finished Parsing XDC File [c:/Users/arthu/minimalv2/LogisticMap/LogisticMap.gen/sources_1/bd/design_1/ip/design_1_processing_system7_0_0/design_1_processing_system7_0_0.xdc] for cell 'design_1_i/processing_system7_0/inst'
Parsing XDC File [c:/Users/arthu/minimalv2/LogisticMap/LogisticMap.gen/sources_1/bd/design_1/ip/design_1_axi_smc_0/bd_0/ip/ip_1/bd_afc3_psr_aclk_0_board.xdc] for cell 'design_1_i/axi_smc/inst/clk_map/psr_aclk/U0'
Finished Parsing XDC File [c:/Users/arthu/minimalv2/LogisticMap/LogisticMap.gen/sources_1/bd/design_1/ip/design_1_axi_smc_0/bd_0/ip/ip_1/bd_afc3_psr_aclk_0_board.xdc] for cell 'design_1_i/axi_smc/inst/clk_map/psr_aclk/U0'
Parsing XDC File [c:/Users/arthu/minimalv2/LogisticMap/LogisticMap.gen/sources_1/bd/design_1/ip/design_1_axi_smc_0/smartconnect.xdc] for cell 'design_1_i/axi_smc/inst'
Finished Parsing XDC File [c:/Users/arthu/minimalv2/LogisticMap/LogisticMap.gen/sources_1/bd/design_1/ip/design_1_axi_smc_0/smartconnect.xdc] for cell 'design_1_i/axi_smc/inst'
Parsing XDC File [c:/Users/arthu/minimalv2/LogisticMap/LogisticMap.gen/sources_1/bd/design_1/ip/design_1_rst_ps7_0_50M_0_1/design_1_rst_ps7_0_50M_0_board.xdc] for cell 'design_1_i/rst_ps7_0_50M/U0'
Finished Parsing XDC File [c:/Users/arthu/minimalv2/LogisticMap/LogisticMap.gen/sources_1/bd/design_1/ip/design_1_rst_ps7_0_50M_0_1/design_1_rst_ps7_0_50M_0_board.xdc] for cell 'design_1_i/rst_ps7_0_50M/U0'
Parsing XDC File [C:/Users/arthu/minimalv2/LogisticMap/LogisticMap.srcs/constrs_1/imports/MINIZED/minized_LEDs.xdc]
WARNING: [Vivado 12-584] No ports matched 'pl_led_r_tri_o'. [C:/Users/arthu/minimalv2/LogisticMap/LogisticMap.srcs/constrs_1/imports/MINIZED/minized_LEDs.xdc:6]
CRITICAL WARNING: [Common 17-55] 'set_property' expects at least one object. [C:/Users/arthu/minimalv2/LogisticMap/LogisticMap.srcs/constrs_1/imports/MINIZED/minized_LEDs.xdc:6]
Resolution: If [get_<value>] was used to populate the object, check to make sure this command returns at least one valid object.
WARNING: [Vivado 12-584] No ports matched 'pl_led_r_tri_o'. [C:/Users/arthu/minimalv2/LogisticMap/LogisticMap.srcs/constrs_1/imports/MINIZED/minized_LEDs.xdc:7]
CRITICAL WARNING: [Common 17-55] 'set_property' expects at least one object. [C:/Users/arthu/minimalv2/LogisticMap/LogisticMap.srcs/constrs_1/imports/MINIZED/minized_LEDs.xdc:7]
Resolution: If [get_<value>] was used to populate the object, check to make sure this command returns at least one valid object.
WARNING: [Vivado 12-584] No ports matched 'pl_led_g_tri_o'. [C:/Users/arthu/minimalv2/LogisticMap/LogisticMap.srcs/constrs_1/imports/MINIZED/minized_LEDs.xdc:9]
CRITICAL WARNING: [Common 17-55] 'set_property' expects at least one object. [C:/Users/arthu/minimalv2/LogisticMap/LogisticMap.srcs/constrs_1/imports/MINIZED/minized_LEDs.xdc:9]
Resolution: If [get_<value>] was used to populate the object, check to make sure this command returns at least one valid object.
WARNING: [Vivado 12-584] No ports matched 'pl_led_g_tri_o'. [C:/Users/arthu/minimalv2/LogisticMap/LogisticMap.srcs/constrs_1/imports/MINIZED/minized_LEDs.xdc:10]
CRITICAL WARNING: [Common 17-55] 'set_property' expects at least one object. [C:/Users/arthu/minimalv2/LogisticMap/LogisticMap.srcs/constrs_1/imports/MINIZED/minized_LEDs.xdc:10]
Resolution: If [get_<value>] was used to populate the object, check to make sure this command returns at least one valid object.
Finished Parsing XDC File [C:/Users/arthu/minimalv2/LogisticMap/LogisticMap.srcs/constrs_1/imports/MINIZED/minized_LEDs.xdc]
Parsing XDC File [C:/Users/arthu/minimalv2/LogisticMap/LogisticMap.srcs/constrs_1/imports/MINIZED/minized_mic.xdc]
WARNING: [Vivado 12-508] No pins matched '<TBD>/clk_wiz_0/U0/mmcm_adv_inst/CLKOUT0'. [C:/Users/arthu/minimalv2/LogisticMap/LogisticMap.srcs/constrs_1/imports/MINIZED/minized_mic.xdc:68]
CRITICAL WARNING: [Vivado 12-4739] create_generated_clock:No valid object(s) found for '-objects [get_pins <TBD>/clk_wiz_0/U0/mmcm_adv_inst/CLKOUT0]'. [C:/Users/arthu/minimalv2/LogisticMap/LogisticMap.srcs/constrs_1/imports/MINIZED/minized_mic.xdc:68]
Resolution: Check if the specified object(s) exists in the current design. If it does, ensure that the correct design hierarchy was specified for the object. If you are working with clocks, make sure create_clock was used to create the clock object before it is referenced.
INFO: [Timing 38-35] Done setting XDC timing constraints. [C:/Users/arthu/minimalv2/LogisticMap/LogisticMap.srcs/constrs_1/imports/MINIZED/minized_mic.xdc:74]
WARNING: [Vivado 12-627] No clocks matched 'clk_fpga_2'. [C:/Users/arthu/minimalv2/LogisticMap/LogisticMap.srcs/constrs_1/imports/MINIZED/minized_mic.xdc:74]
INFO: [Vivado 12-626] No clocks found. Please use 'create_clock' or 'create_generated_clock' command to create clocks. [C:/Users/arthu/minimalv2/LogisticMap/LogisticMap.srcs/constrs_1/imports/MINIZED/minized_mic.xdc:74]
get_clocks: Time (s): cpu = 00:00:06 ; elapsed = 00:00:07 . Memory (MB): peak = 1535.461 ; gain = 539.629
CRITICAL WARNING: [Vivado 12-4739] set_clock_groups:No valid object(s) found for '-group [get_clocks clk_fpga_2]'. [C:/Users/arthu/minimalv2/LogisticMap/LogisticMap.srcs/constrs_1/imports/MINIZED/minized_mic.xdc:74]
Resolution: Check if the specified object(s) exists in the current design. If it does, ensure that the correct design hierarchy was specified for the object. If you are working with clocks, make sure create_clock was used to create the clock object before it is referenced.
CRITICAL WARNING: [Vivado 12-4739] set_clock_groups:No valid object(s) found for '-group '. [C:/Users/arthu/minimalv2/LogisticMap/LogisticMap.srcs/constrs_1/imports/MINIZED/minized_mic.xdc:74]
Resolution: Check if the specified object(s) exists in the current design. If it does, ensure that the correct design hierarchy was specified for the object. If you are working with clocks, make sure create_clock was used to create the clock object before it is referenced.
CRITICAL WARNING: [Vivado 12-5201] set_clock_groups: cannot set the clock group when only one non-empty group remains. [C:/Users/arthu/minimalv2/LogisticMap/LogisticMap.srcs/constrs_1/imports/MINIZED/minized_mic.xdc:74]
Finished Parsing XDC File [C:/Users/arthu/minimalv2/LogisticMap/LogisticMap.srcs/constrs_1/imports/MINIZED/minized_mic.xdc]
Parsing XDC File [C:/Users/arthu/minimalv2/LogisticMap/LogisticMap.srcs/constrs_1/imports/MINIZED/minized_pins.xdc]
WARNING: [Vivado 12-584] No ports matched 'ARD_DAT0'. [C:/Users/arthu/minimalv2/LogisticMap/LogisticMap.srcs/constrs_1/imports/MINIZED/minized_pins.xdc:5]
CRITICAL WARNING: [Common 17-55] 'set_property' expects at least one object. [C:/Users/arthu/minimalv2/LogisticMap/LogisticMap.srcs/constrs_1/imports/MINIZED/minized_pins.xdc:5]
Resolution: If [get_<value>] was used to populate the object, check to make sure this command returns at least one valid object.
WARNING: [Vivado 12-584] No ports matched 'ARD_DAT0'. [C:/Users/arthu/minimalv2/LogisticMap/LogisticMap.srcs/constrs_1/imports/MINIZED/minized_pins.xdc:6]
CRITICAL WARNING: [Common 17-55] 'set_property' expects at least one object. [C:/Users/arthu/minimalv2/LogisticMap/LogisticMap.srcs/constrs_1/imports/MINIZED/minized_pins.xdc:6]
Resolution: If [get_<value>] was used to populate the object, check to make sure this command returns at least one valid object.
WARNING: [Vivado 12-584] No ports matched 'ARD_DAT1'. [C:/Users/arthu/minimalv2/LogisticMap/LogisticMap.srcs/constrs_1/imports/MINIZED/minized_pins.xdc:9]
CRITICAL WARNING: [Common 17-55] 'set_property' expects at least one object. [C:/Users/arthu/minimalv2/LogisticMap/LogisticMap.srcs/constrs_1/imports/MINIZED/minized_pins.xdc:9]
Resolution: If [get_<value>] was used to populate the object, check to make sure this command returns at least one valid object.
WARNING: [Vivado 12-584] No ports matched 'ARD_DAT1'. [C:/Users/arthu/minimalv2/LogisticMap/LogisticMap.srcs/constrs_1/imports/MINIZED/minized_pins.xdc:10]
CRITICAL WARNING: [Common 17-55] 'set_property' expects at least one object. [C:/Users/arthu/minimalv2/LogisticMap/LogisticMap.srcs/constrs_1/imports/MINIZED/minized_pins.xdc:10]
Resolution: If [get_<value>] was used to populate the object, check to make sure this command returns at least one valid object.
WARNING: [Vivado 12-584] No ports matched 'ARD_DAT2'. [C:/Users/arthu/minimalv2/LogisticMap/LogisticMap.srcs/constrs_1/imports/MINIZED/minized_pins.xdc:13]
CRITICAL WARNING: [Common 17-55] 'set_property' expects at least one object. [C:/Users/arthu/minimalv2/LogisticMap/LogisticMap.srcs/constrs_1/imports/MINIZED/minized_pins.xdc:13]
Resolution: If [get_<value>] was used to populate the object, check to make sure this command returns at least one valid object.
WARNING: [Vivado 12-584] No ports matched 'ARD_DAT2'. [C:/Users/arthu/minimalv2/LogisticMap/LogisticMap.srcs/constrs_1/imports/MINIZED/minized_pins.xdc:14]
CRITICAL WARNING: [Common 17-55] 'set_property' expects at least one object. [C:/Users/arthu/minimalv2/LogisticMap/LogisticMap.srcs/constrs_1/imports/MINIZED/minized_pins.xdc:14]
Resolution: If [get_<value>] was used to populate the object, check to make sure this command returns at least one valid object.
WARNING: [Vivado 12-584] No ports matched 'ARD_DAT3'. [C:/Users/arthu/minimalv2/LogisticMap/LogisticMap.srcs/constrs_1/imports/MINIZED/minized_pins.xdc:17]
CRITICAL WARNING: [Common 17-55] 'set_property' expects at least one object. [C:/Users/arthu/minimalv2/LogisticMap/LogisticMap.srcs/constrs_1/imports/MINIZED/minized_pins.xdc:17]
Resolution: If [get_<value>] was used to populate the object, check to make sure this command returns at least one valid object.
WARNING: [Vivado 12-584] No ports matched 'ARD_DAT3'. [C:/Users/arthu/minimalv2/LogisticMap/LogisticMap.srcs/constrs_1/imports/MINIZED/minized_pins.xdc:18]
CRITICAL WARNING: [Common 17-55] 'set_property' expects at least one object. [C:/Users/arthu/minimalv2/LogisticMap/LogisticMap.srcs/constrs_1/imports/MINIZED/minized_pins.xdc:18]
Resolution: If [get_<value>] was used to populate the object, check to make sure this command returns at least one valid object.
WARNING: [Vivado 12-584] No ports matched 'ARD_DAT4'. [C:/Users/arthu/minimalv2/LogisticMap/LogisticMap.srcs/constrs_1/imports/MINIZED/minized_pins.xdc:21]
CRITICAL WARNING: [Common 17-55] 'set_property' expects at least one object. [C:/Users/arthu/minimalv2/LogisticMap/LogisticMap.srcs/constrs_1/imports/MINIZED/minized_pins.xdc:21]
Resolution: If [get_<value>] was used to populate the object, check to make sure this command returns at least one valid object.
WARNING: [Vivado 12-584] No ports matched 'ARD_DAT4'. [C:/Users/arthu/minimalv2/LogisticMap/LogisticMap.srcs/constrs_1/imports/MINIZED/minized_pins.xdc:22]
CRITICAL WARNING: [Common 17-55] 'set_property' expects at least one object. [C:/Users/arthu/minimalv2/LogisticMap/LogisticMap.srcs/constrs_1/imports/MINIZED/minized_pins.xdc:22]
Resolution: If [get_<value>] was used to populate the object, check to make sure this command returns at least one valid object.
WARNING: [Vivado 12-584] No ports matched 'ARD_DAT5'. [C:/Users/arthu/minimalv2/LogisticMap/LogisticMap.srcs/constrs_1/imports/MINIZED/minized_pins.xdc:25]
CRITICAL WARNING: [Common 17-55] 'set_property' expects at least one object. [C:/Users/arthu/minimalv2/LogisticMap/LogisticMap.srcs/constrs_1/imports/MINIZED/minized_pins.xdc:25]
Resolution: If [get_<value>] was used to populate the object, check to make sure this command returns at least one valid object.
WARNING: [Vivado 12-584] No ports matched 'ARD_DAT5'. [C:/Users/arthu/minimalv2/LogisticMap/LogisticMap.srcs/constrs_1/imports/MINIZED/minized_pins.xdc:26]
CRITICAL WARNING: [Common 17-55] 'set_property' expects at least one object. [C:/Users/arthu/minimalv2/LogisticMap/LogisticMap.srcs/constrs_1/imports/MINIZED/minized_pins.xdc:26]
Resolution: If [get_<value>] was used to populate the object, check to make sure this command returns at least one valid object.
WARNING: [Vivado 12-584] No ports matched 'ARD_DAT6'. [C:/Users/arthu/minimalv2/LogisticMap/LogisticMap.srcs/constrs_1/imports/MINIZED/minized_pins.xdc:29]
CRITICAL WARNING: [Common 17-55] 'set_property' expects at least one object. [C:/Users/arthu/minimalv2/LogisticMap/LogisticMap.srcs/constrs_1/imports/MINIZED/minized_pins.xdc:29]
Resolution: If [get_<value>] was used to populate the object, check to make sure this command returns at least one valid object.
WARNING: [Vivado 12-584] No ports matched 'ARD_DAT6'. [C:/Users/arthu/minimalv2/LogisticMap/LogisticMap.srcs/constrs_1/imports/MINIZED/minized_pins.xdc:30]
CRITICAL WARNING: [Common 17-55] 'set_property' expects at least one object. [C:/Users/arthu/minimalv2/LogisticMap/LogisticMap.srcs/constrs_1/imports/MINIZED/minized_pins.xdc:30]
Resolution: If [get_<value>] was used to populate the object, check to make sure this command returns at least one valid object.
WARNING: [Vivado 12-584] No ports matched 'ARD_DAT7'. [C:/Users/arthu/minimalv2/LogisticMap/LogisticMap.srcs/constrs_1/imports/MINIZED/minized_pins.xdc:33]
CRITICAL WARNING: [Common 17-55] 'set_property' expects at least one object. [C:/Users/arthu/minimalv2/LogisticMap/LogisticMap.srcs/constrs_1/imports/MINIZED/minized_pins.xdc:33]
Resolution: If [get_<value>] was used to populate the object, check to make sure this command returns at least one valid object.
WARNING: [Vivado 12-584] No ports matched 'ARD_DAT7'. [C:/Users/arthu/minimalv2/LogisticMap/LogisticMap.srcs/constrs_1/imports/MINIZED/minized_pins.xdc:34]
CRITICAL WARNING: [Common 17-55] 'set_property' expects at least one object. [C:/Users/arthu/minimalv2/LogisticMap/LogisticMap.srcs/constrs_1/imports/MINIZED/minized_pins.xdc:34]
Resolution: If [get_<value>] was used to populate the object, check to make sure this command returns at least one valid object.
WARNING: [Vivado 12-584] No ports matched 'ARD_DAT8'. [C:/Users/arthu/minimalv2/LogisticMap/LogisticMap.srcs/constrs_1/imports/MINIZED/minized_pins.xdc:40]
CRITICAL WARNING: [Common 17-55] 'set_property' expects at least one object. [C:/Users/arthu/minimalv2/LogisticMap/LogisticMap.srcs/constrs_1/imports/MINIZED/minized_pins.xdc:40]
Resolution: If [get_<value>] was used to populate the object, check to make sure this command returns at least one valid object.
WARNING: [Vivado 12-584] No ports matched 'ARD_DAT8'. [C:/Users/arthu/minimalv2/LogisticMap/LogisticMap.srcs/constrs_1/imports/MINIZED/minized_pins.xdc:41]
CRITICAL WARNING: [Common 17-55] 'set_property' expects at least one object. [C:/Users/arthu/minimalv2/LogisticMap/LogisticMap.srcs/constrs_1/imports/MINIZED/minized_pins.xdc:41]
Resolution: If [get_<value>] was used to populate the object, check to make sure this command returns at least one valid object.
WARNING: [Vivado 12-584] No ports matched 'ARD_DAT9'. [C:/Users/arthu/minimalv2/LogisticMap/LogisticMap.srcs/constrs_1/imports/MINIZED/minized_pins.xdc:44]
CRITICAL WARNING: [Common 17-55] 'set_property' expects at least one object. [C:/Users/arthu/minimalv2/LogisticMap/LogisticMap.srcs/constrs_1/imports/MINIZED/minized_pins.xdc:44]
Resolution: If [get_<value>] was used to populate the object, check to make sure this command returns at least one valid object.
WARNING: [Vivado 12-584] No ports matched 'ARD_DAT9'. [C:/Users/arthu/minimalv2/LogisticMap/LogisticMap.srcs/constrs_1/imports/MINIZED/minized_pins.xdc:45]
CRITICAL WARNING: [Common 17-55] 'set_property' expects at least one object. [C:/Users/arthu/minimalv2/LogisticMap/LogisticMap.srcs/constrs_1/imports/MINIZED/minized_pins.xdc:45]
Resolution: If [get_<value>] was used to populate the object, check to make sure this command returns at least one valid object.
WARNING: [Vivado 12-584] No ports matched 'ARD_DAT10'. [C:/Users/arthu/minimalv2/LogisticMap/LogisticMap.srcs/constrs_1/imports/MINIZED/minized_pins.xdc:48]
CRITICAL WARNING: [Common 17-55] 'set_property' expects at least one object. [C:/Users/arthu/minimalv2/LogisticMap/LogisticMap.srcs/constrs_1/imports/MINIZED/minized_pins.xdc:48]
Resolution: If [get_<value>] was used to populate the object, check to make sure this command returns at least one valid object.
WARNING: [Vivado 12-584] No ports matched 'ARD_DAT10'. [C:/Users/arthu/minimalv2/LogisticMap/LogisticMap.srcs/constrs_1/imports/MINIZED/minized_pins.xdc:49]
CRITICAL WARNING: [Common 17-55] 'set_property' expects at least one object. [C:/Users/arthu/minimalv2/LogisticMap/LogisticMap.srcs/constrs_1/imports/MINIZED/minized_pins.xdc:49]
Resolution: If [get_<value>] was used to populate the object, check to make sure this command returns at least one valid object.
WARNING: [Vivado 12-584] No ports matched 'ARD_DAT11'. [C:/Users/arthu/minimalv2/LogisticMap/LogisticMap.srcs/constrs_1/imports/MINIZED/minized_pins.xdc:52]
CRITICAL WARNING: [Common 17-55] 'set_property' expects at least one object. [C:/Users/arthu/minimalv2/LogisticMap/LogisticMap.srcs/constrs_1/imports/MINIZED/minized_pins.xdc:52]
Resolution: If [get_<value>] was used to populate the object, check to make sure this command returns at least one valid object.
WARNING: [Vivado 12-584] No ports matched 'ARD_DAT11'. [C:/Users/arthu/minimalv2/LogisticMap/LogisticMap.srcs/constrs_1/imports/MINIZED/minized_pins.xdc:53]
CRITICAL WARNING: [Common 17-55] 'set_property' expects at least one object. [C:/Users/arthu/minimalv2/LogisticMap/LogisticMap.srcs/constrs_1/imports/MINIZED/minized_pins.xdc:53]
Resolution: If [get_<value>] was used to populate the object, check to make sure this command returns at least one valid object.
WARNING: [Vivado 12-584] No ports matched 'ARD_DAT12'. [C:/Users/arthu/minimalv2/LogisticMap/LogisticMap.srcs/constrs_1/imports/MINIZED/minized_pins.xdc:56]
CRITICAL WARNING: [Common 17-55] 'set_property' expects at least one object. [C:/Users/arthu/minimalv2/LogisticMap/LogisticMap.srcs/constrs_1/imports/MINIZED/minized_pins.xdc:56]
Resolution: If [get_<value>] was used to populate the object, check to make sure this command returns at least one valid object.
WARNING: [Vivado 12-584] No ports matched 'ARD_DAT12'. [C:/Users/arthu/minimalv2/LogisticMap/LogisticMap.srcs/constrs_1/imports/MINIZED/minized_pins.xdc:57]
CRITICAL WARNING: [Common 17-55] 'set_property' expects at least one object. [C:/Users/arthu/minimalv2/LogisticMap/LogisticMap.srcs/constrs_1/imports/MINIZED/minized_pins.xdc:57]
Resolution: If [get_<value>] was used to populate the object, check to make sure this command returns at least one valid object.
WARNING: [Vivado 12-584] No ports matched 'ARD_DAT13'. [C:/Users/arthu/minimalv2/LogisticMap/LogisticMap.srcs/constrs_1/imports/MINIZED/minized_pins.xdc:60]
CRITICAL WARNING: [Common 17-55] 'set_property' expects at least one object. [C:/Users/arthu/minimalv2/LogisticMap/LogisticMap.srcs/constrs_1/imports/MINIZED/minized_pins.xdc:60]
Resolution: If [get_<value>] was used to populate the object, check to make sure this command returns at least one valid object.
WARNING: [Vivado 12-584] No ports matched 'ARD_DAT13'. [C:/Users/arthu/minimalv2/LogisticMap/LogisticMap.srcs/constrs_1/imports/MINIZED/minized_pins.xdc:61]
CRITICAL WARNING: [Common 17-55] 'set_property' expects at least one object. [C:/Users/arthu/minimalv2/LogisticMap/LogisticMap.srcs/constrs_1/imports/MINIZED/minized_pins.xdc:61]
Resolution: If [get_<value>] was used to populate the object, check to make sure this command returns at least one valid object.
WARNING: [Vivado 12-584] No ports matched 'ARD_ADDR0'. [C:/Users/arthu/minimalv2/LogisticMap/LogisticMap.srcs/constrs_1/imports/MINIZED/minized_pins.xdc:67]
CRITICAL WARNING: [Common 17-55] 'set_property' expects at least one object. [C:/Users/arthu/minimalv2/LogisticMap/LogisticMap.srcs/constrs_1/imports/MINIZED/minized_pins.xdc:67]
Resolution: If [get_<value>] was used to populate the object, check to make sure this command returns at least one valid object.
WARNING: [Vivado 12-584] No ports matched 'ARD_ADDR0'. [C:/Users/arthu/minimalv2/LogisticMap/LogisticMap.srcs/constrs_1/imports/MINIZED/minized_pins.xdc:68]
CRITICAL WARNING: [Common 17-55] 'set_property' expects at least one object. [C:/Users/arthu/minimalv2/LogisticMap/LogisticMap.srcs/constrs_1/imports/MINIZED/minized_pins.xdc:68]
Resolution: If [get_<value>] was used to populate the object, check to make sure this command returns at least one valid object.
WARNING: [Vivado 12-584] No ports matched 'ARD_ADDR1'. [C:/Users/arthu/minimalv2/LogisticMap/LogisticMap.srcs/constrs_1/imports/MINIZED/minized_pins.xdc:71]
CRITICAL WARNING: [Common 17-55] 'set_property' expects at least one object. [C:/Users/arthu/minimalv2/LogisticMap/LogisticMap.srcs/constrs_1/imports/MINIZED/minized_pins.xdc:71]
Resolution: If [get_<value>] was used to populate the object, check to make sure this command returns at least one valid object.
WARNING: [Vivado 12-584] No ports matched 'ARD_ADDR1'. [C:/Users/arthu/minimalv2/LogisticMap/LogisticMap.srcs/constrs_1/imports/MINIZED/minized_pins.xdc:72]
CRITICAL WARNING: [Common 17-55] 'set_property' expects at least one object. [C:/Users/arthu/minimalv2/LogisticMap/LogisticMap.srcs/constrs_1/imports/MINIZED/minized_pins.xdc:72]
Resolution: If [get_<value>] was used to populate the object, check to make sure this command returns at least one valid object.
WARNING: [Vivado 12-584] No ports matched 'ARD_ADDR2'. [C:/Users/arthu/minimalv2/LogisticMap/LogisticMap.srcs/constrs_1/imports/MINIZED/minized_pins.xdc:75]
CRITICAL WARNING: [Common 17-55] 'set_property' expects at least one object. [C:/Users/arthu/minimalv2/LogisticMap/LogisticMap.srcs/constrs_1/imports/MINIZED/minized_pins.xdc:75]
Resolution: If [get_<value>] was used to populate the object, check to make sure this command returns at least one valid object.
WARNING: [Vivado 12-584] No ports matched 'ARD_ADDR2'. [C:/Users/arthu/minimalv2/LogisticMap/LogisticMap.srcs/constrs_1/imports/MINIZED/minized_pins.xdc:76]
CRITICAL WARNING: [Common 17-55] 'set_property' expects at least one object. [C:/Users/arthu/minimalv2/LogisticMap/LogisticMap.srcs/constrs_1/imports/MINIZED/minized_pins.xdc:76]
Resolution: If [get_<value>] was used to populate the object, check to make sure this command returns at least one valid object.
WARNING: [Vivado 12-584] No ports matched 'PL_LED_G'. [C:/Users/arthu/minimalv2/LogisticMap/LogisticMap.srcs/constrs_1/imports/MINIZED/minized_pins.xdc:81]
CRITICAL WARNING: [Common 17-55] 'set_property' expects at least one object. [C:/Users/arthu/minimalv2/LogisticMap/LogisticMap.srcs/constrs_1/imports/MINIZED/minized_pins.xdc:81]
Resolution: If [get_<value>] was used to populate the object, check to make sure this command returns at least one valid object.
WARNING: [Vivado 12-584] No ports matched 'PL_LED_G'. [C:/Users/arthu/minimalv2/LogisticMap/LogisticMap.srcs/constrs_1/imports/MINIZED/minized_pins.xdc:82]
CRITICAL WARNING: [Common 17-55] 'set_property' expects at least one object. [C:/Users/arthu/minimalv2/LogisticMap/LogisticMap.srcs/constrs_1/imports/MINIZED/minized_pins.xdc:82]
Resolution: If [get_<value>] was used to populate the object, check to make sure this command returns at least one valid object.
WARNING: [Vivado 12-584] No ports matched 'PL_LED_R'. [C:/Users/arthu/minimalv2/LogisticMap/LogisticMap.srcs/constrs_1/imports/MINIZED/minized_pins.xdc:87]
CRITICAL WARNING: [Common 17-55] 'set_property' expects at least one object. [C:/Users/arthu/minimalv2/LogisticMap/LogisticMap.srcs/constrs_1/imports/MINIZED/minized_pins.xdc:87]
Resolution: If [get_<value>] was used to populate the object, check to make sure this command returns at least one valid object.
WARNING: [Vivado 12-584] No ports matched 'PL_LED_R'. [C:/Users/arthu/minimalv2/LogisticMap/LogisticMap.srcs/constrs_1/imports/MINIZED/minized_pins.xdc:88]
CRITICAL WARNING: [Common 17-55] 'set_property' expects at least one object. [C:/Users/arthu/minimalv2/LogisticMap/LogisticMap.srcs/constrs_1/imports/MINIZED/minized_pins.xdc:88]
Resolution: If [get_<value>] was used to populate the object, check to make sure this command returns at least one valid object.
WARNING: [Vivado 12-584] No ports matched 'iic_rtl_sda_io'. [C:/Users/arthu/minimalv2/LogisticMap/LogisticMap.srcs/constrs_1/imports/MINIZED/minized_pins.xdc:102]
CRITICAL WARNING: [Common 17-55] 'set_property' expects at least one object. [C:/Users/arthu/minimalv2/LogisticMap/LogisticMap.srcs/constrs_1/imports/MINIZED/minized_pins.xdc:102]
Resolution: If [get_<value>] was used to populate the object, check to make sure this command returns at least one valid object.
WARNING: [Vivado 12-584] No ports matched 'iic_rtl_sda_io'. [C:/Users/arthu/minimalv2/LogisticMap/LogisticMap.srcs/constrs_1/imports/MINIZED/minized_pins.xdc:103]
CRITICAL WARNING: [Common 17-55] 'set_property' expects at least one object. [C:/Users/arthu/minimalv2/LogisticMap/LogisticMap.srcs/constrs_1/imports/MINIZED/minized_pins.xdc:103]
Resolution: If [get_<value>] was used to populate the object, check to make sure this command returns at least one valid object.
WARNING: [Vivado 12-584] No ports matched 'iic_rtl_scl_io'. [C:/Users/arthu/minimalv2/LogisticMap/LogisticMap.srcs/constrs_1/imports/MINIZED/minized_pins.xdc:108]
CRITICAL WARNING: [Common 17-55] 'set_property' expects at least one object. [C:/Users/arthu/minimalv2/LogisticMap/LogisticMap.srcs/constrs_1/imports/MINIZED/minized_pins.xdc:108]
Resolution: If [get_<value>] was used to populate the object, check to make sure this command returns at least one valid object.
WARNING: [Vivado 12-584] No ports matched 'iic_rtl_scl_io'. [C:/Users/arthu/minimalv2/LogisticMap/LogisticMap.srcs/constrs_1/imports/MINIZED/minized_pins.xdc:109]
CRITICAL WARNING: [Common 17-55] 'set_property' expects at least one object. [C:/Users/arthu/minimalv2/LogisticMap/LogisticMap.srcs/constrs_1/imports/MINIZED/minized_pins.xdc:109]
Resolution: If [get_<value>] was used to populate the object, check to make sure this command returns at least one valid object.
WARNING: [Vivado 12-584] No ports matched 'PMOD1_PIN1'. [C:/Users/arthu/minimalv2/LogisticMap/LogisticMap.srcs/constrs_1/imports/MINIZED/minized_pins.xdc:114]
CRITICAL WARNING: [Common 17-55] 'set_property' expects at least one object. [C:/Users/arthu/minimalv2/LogisticMap/LogisticMap.srcs/constrs_1/imports/MINIZED/minized_pins.xdc:114]
Resolution: If [get_<value>] was used to populate the object, check to make sure this command returns at least one valid object.
WARNING: [Vivado 12-584] No ports matched 'PMOD1_PIN1'. [C:/Users/arthu/minimalv2/LogisticMap/LogisticMap.srcs/constrs_1/imports/MINIZED/minized_pins.xdc:115]
CRITICAL WARNING: [Common 17-55] 'set_property' expects at least one object. [C:/Users/arthu/minimalv2/LogisticMap/LogisticMap.srcs/constrs_1/imports/MINIZED/minized_pins.xdc:115]
Resolution: If [get_<value>] was used to populate the object, check to make sure this command returns at least one valid object.
WARNING: [Vivado 12-584] No ports matched 'PMOD1_PIN2'. [C:/Users/arthu/minimalv2/LogisticMap/LogisticMap.srcs/constrs_1/imports/MINIZED/minized_pins.xdc:117]
CRITICAL WARNING: [Common 17-55] 'set_property' expects at least one object. [C:/Users/arthu/minimalv2/LogisticMap/LogisticMap.srcs/constrs_1/imports/MINIZED/minized_pins.xdc:117]
Resolution: If [get_<value>] was used to populate the object, check to make sure this command returns at least one valid object.
WARNING: [Vivado 12-584] No ports matched 'PMOD1_PIN2'. [C:/Users/arthu/minimalv2/LogisticMap/LogisticMap.srcs/constrs_1/imports/MINIZED/minized_pins.xdc:118]
CRITICAL WARNING: [Common 17-55] 'set_property' expects at least one object. [C:/Users/arthu/minimalv2/LogisticMap/LogisticMap.srcs/constrs_1/imports/MINIZED/minized_pins.xdc:118]
Resolution: If [get_<value>] was used to populate the object, check to make sure this command returns at least one valid object.
WARNING: [Vivado 12-584] No ports matched 'PMOD1_PIN3'. [C:/Users/arthu/minimalv2/LogisticMap/LogisticMap.srcs/constrs_1/imports/MINIZED/minized_pins.xdc:120]
CRITICAL WARNING: [Common 17-55] 'set_property' expects at least one object. [C:/Users/arthu/minimalv2/LogisticMap/LogisticMap.srcs/constrs_1/imports/MINIZED/minized_pins.xdc:120]
Resolution: If [get_<value>] was used to populate the object, check to make sure this command returns at least one valid object.
WARNING: [Vivado 12-584] No ports matched 'PMOD1_PIN3'. [C:/Users/arthu/minimalv2/LogisticMap/LogisticMap.srcs/constrs_1/imports/MINIZED/minized_pins.xdc:121]
CRITICAL WARNING: [Common 17-55] 'set_property' expects at least one object. [C:/Users/arthu/minimalv2/LogisticMap/LogisticMap.srcs/constrs_1/imports/MINIZED/minized_pins.xdc:121]
Resolution: If [get_<value>] was used to populate the object, check to make sure this command returns at least one valid object.
WARNING: [Vivado 12-584] No ports matched 'PMOD1_PIN4'. [C:/Users/arthu/minimalv2/LogisticMap/LogisticMap.srcs/constrs_1/imports/MINIZED/minized_pins.xdc:123]
CRITICAL WARNING: [Common 17-55] 'set_property' expects at least one object. [C:/Users/arthu/minimalv2/LogisticMap/LogisticMap.srcs/constrs_1/imports/MINIZED/minized_pins.xdc:123]
Resolution: If [get_<value>] was used to populate the object, check to make sure this command returns at least one valid object.
WARNING: [Vivado 12-584] No ports matched 'PMOD1_PIN4'. [C:/Users/arthu/minimalv2/LogisticMap/LogisticMap.srcs/constrs_1/imports/MINIZED/minized_pins.xdc:124]
CRITICAL WARNING: [Common 17-55] 'set_property' expects at least one object. [C:/Users/arthu/minimalv2/LogisticMap/LogisticMap.srcs/constrs_1/imports/MINIZED/minized_pins.xdc:124]
Resolution: If [get_<value>] was used to populate the object, check to make sure this command returns at least one valid object.
WARNING: [Vivado 12-584] No ports matched 'PMOD1_PIN7'. [C:/Users/arthu/minimalv2/LogisticMap/LogisticMap.srcs/constrs_1/imports/MINIZED/minized_pins.xdc:126]
CRITICAL WARNING: [Common 17-55] 'set_property' expects at least one object. [C:/Users/arthu/minimalv2/LogisticMap/LogisticMap.srcs/constrs_1/imports/MINIZED/minized_pins.xdc:126]
Resolution: If [get_<value>] was used to populate the object, check to make sure this command returns at least one valid object.
WARNING: [Vivado 12-584] No ports matched 'PMOD1_PIN7'. [C:/Users/arthu/minimalv2/LogisticMap/LogisticMap.srcs/constrs_1/imports/MINIZED/minized_pins.xdc:127]
CRITICAL WARNING: [Common 17-55] 'set_property' expects at least one object. [C:/Users/arthu/minimalv2/LogisticMap/LogisticMap.srcs/constrs_1/imports/MINIZED/minized_pins.xdc:127]
Resolution: If [get_<value>] was used to populate the object, check to make sure this command returns at least one valid object.
WARNING: [Vivado 12-584] No ports matched 'PMOD1_PIN8'. [C:/Users/arthu/minimalv2/LogisticMap/LogisticMap.srcs/constrs_1/imports/MINIZED/minized_pins.xdc:129]
CRITICAL WARNING: [Common 17-55] 'set_property' expects at least one object. [C:/Users/arthu/minimalv2/LogisticMap/LogisticMap.srcs/constrs_1/imports/MINIZED/minized_pins.xdc:129]
Resolution: If [get_<value>] was used to populate the object, check to make sure this command returns at least one valid object.
WARNING: [Vivado 12-584] No ports matched 'PMOD1_PIN8'. [C:/Users/arthu/minimalv2/LogisticMap/LogisticMap.srcs/constrs_1/imports/MINIZED/minized_pins.xdc:130]
CRITICAL WARNING: [Common 17-55] 'set_property' expects at least one object. [C:/Users/arthu/minimalv2/LogisticMap/LogisticMap.srcs/constrs_1/imports/MINIZED/minized_pins.xdc:130]
Resolution: If [get_<value>] was used to populate the object, check to make sure this command returns at least one valid object.
WARNING: [Vivado 12-584] No ports matched 'PMOD1_PIN9'. [C:/Users/arthu/minimalv2/LogisticMap/LogisticMap.srcs/constrs_1/imports/MINIZED/minized_pins.xdc:132]
CRITICAL WARNING: [Common 17-55] 'set_property' expects at least one object. [C:/Users/arthu/minimalv2/LogisticMap/LogisticMap.srcs/constrs_1/imports/MINIZED/minized_pins.xdc:132]
Resolution: If [get_<value>] was used to populate the object, check to make sure this command returns at least one valid object.
WARNING: [Vivado 12-584] No ports matched 'PMOD1_PIN9'. [C:/Users/arthu/minimalv2/LogisticMap/LogisticMap.srcs/constrs_1/imports/MINIZED/minized_pins.xdc:133]
CRITICAL WARNING: [Common 17-55] 'set_property' expects at least one object. [C:/Users/arthu/minimalv2/LogisticMap/LogisticMap.srcs/constrs_1/imports/MINIZED/minized_pins.xdc:133]
Resolution: If [get_<value>] was used to populate the object, check to make sure this command returns at least one valid object.
WARNING: [Vivado 12-584] No ports matched 'PMOD1_PIN10'. [C:/Users/arthu/minimalv2/LogisticMap/LogisticMap.srcs/constrs_1/imports/MINIZED/minized_pins.xdc:135]
CRITICAL WARNING: [Common 17-55] 'set_property' expects at least one object. [C:/Users/arthu/minimalv2/LogisticMap/LogisticMap.srcs/constrs_1/imports/MINIZED/minized_pins.xdc:135]
Resolution: If [get_<value>] was used to populate the object, check to make sure this command returns at least one valid object.
WARNING: [Vivado 12-584] No ports matched 'PMOD1_PIN10'. [C:/Users/arthu/minimalv2/LogisticMap/LogisticMap.srcs/constrs_1/imports/MINIZED/minized_pins.xdc:136]
CRITICAL WARNING: [Common 17-55] 'set_property' expects at least one object. [C:/Users/arthu/minimalv2/LogisticMap/LogisticMap.srcs/constrs_1/imports/MINIZED/minized_pins.xdc:136]
Resolution: If [get_<value>] was used to populate the object, check to make sure this command returns at least one valid object.
WARNING: [Vivado 12-584] No ports matched 'PMOD2_PIN1'. [C:/Users/arthu/minimalv2/LogisticMap/LogisticMap.srcs/constrs_1/imports/MINIZED/minized_pins.xdc:141]
CRITICAL WARNING: [Common 17-55] 'set_property' expects at least one object. [C:/Users/arthu/minimalv2/LogisticMap/LogisticMap.srcs/constrs_1/imports/MINIZED/minized_pins.xdc:141]
Resolution: If [get_<value>] was used to populate the object, check to make sure this command returns at least one valid object.
WARNING: [Vivado 12-584] No ports matched 'PMOD2_PIN1'. [C:/Users/arthu/minimalv2/LogisticMap/LogisticMap.srcs/constrs_1/imports/MINIZED/minized_pins.xdc:142]
CRITICAL WARNING: [Common 17-55] 'set_property' expects at least one object. [C:/Users/arthu/minimalv2/LogisticMap/LogisticMap.srcs/constrs_1/imports/MINIZED/minized_pins.xdc:142]
Resolution: If [get_<value>] was used to populate the object, check to make sure this command returns at least one valid object.
WARNING: [Vivado 12-584] No ports matched 'PMOD2_PIN2'. [C:/Users/arthu/minimalv2/LogisticMap/LogisticMap.srcs/constrs_1/imports/MINIZED/minized_pins.xdc:144]
CRITICAL WARNING: [Common 17-55] 'set_property' expects at least one object. [C:/Users/arthu/minimalv2/LogisticMap/LogisticMap.srcs/constrs_1/imports/MINIZED/minized_pins.xdc:144]
Resolution: If [get_<value>] was used to populate the object, check to make sure this command returns at least one valid object.
WARNING: [Vivado 12-584] No ports matched 'PMOD2_PIN2'. [C:/Users/arthu/minimalv2/LogisticMap/LogisticMap.srcs/constrs_1/imports/MINIZED/minized_pins.xdc:145]
CRITICAL WARNING: [Common 17-55] 'set_property' expects at least one object. [C:/Users/arthu/minimalv2/LogisticMap/LogisticMap.srcs/constrs_1/imports/MINIZED/minized_pins.xdc:145]
Resolution: If [get_<value>] was used to populate the object, check to make sure this command returns at least one valid object.
WARNING: [Vivado 12-584] No ports matched 'PMOD2_PIN3'. [C:/Users/arthu/minimalv2/LogisticMap/LogisticMap.srcs/constrs_1/imports/MINIZED/minized_pins.xdc:147]
CRITICAL WARNING: [Common 17-55] 'set_property' expects at least one object. [C:/Users/arthu/minimalv2/LogisticMap/LogisticMap.srcs/constrs_1/imports/MINIZED/minized_pins.xdc:147]
Resolution: If [get_<value>] was used to populate the object, check to make sure this command returns at least one valid object.
WARNING: [Vivado 12-584] No ports matched 'PMOD2_PIN3'. [C:/Users/arthu/minimalv2/LogisticMap/LogisticMap.srcs/constrs_1/imports/MINIZED/minized_pins.xdc:148]
CRITICAL WARNING: [Common 17-55] 'set_property' expects at least one object. [C:/Users/arthu/minimalv2/LogisticMap/LogisticMap.srcs/constrs_1/imports/MINIZED/minized_pins.xdc:148]
Resolution: If [get_<value>] was used to populate the object, check to make sure this command returns at least one valid object.
WARNING: [Vivado 12-584] No ports matched 'PMOD2_PIN4'. [C:/Users/arthu/minimalv2/LogisticMap/LogisticMap.srcs/constrs_1/imports/MINIZED/minized_pins.xdc:150]
CRITICAL WARNING: [Common 17-55] 'set_property' expects at least one object. [C:/Users/arthu/minimalv2/LogisticMap/LogisticMap.srcs/constrs_1/imports/MINIZED/minized_pins.xdc:150]
Resolution: If [get_<value>] was used to populate the object, check to make sure this command returns at least one valid object.
WARNING: [Vivado 12-584] No ports matched 'PMOD2_PIN4'. [C:/Users/arthu/minimalv2/LogisticMap/LogisticMap.srcs/constrs_1/imports/MINIZED/minized_pins.xdc:151]
CRITICAL WARNING: [Common 17-55] 'set_property' expects at least one object. [C:/Users/arthu/minimalv2/LogisticMap/LogisticMap.srcs/constrs_1/imports/MINIZED/minized_pins.xdc:151]
Resolution: If [get_<value>] was used to populate the object, check to make sure this command returns at least one valid object.
WARNING: [Vivado 12-584] No ports matched 'PMOD2_PIN7'. [C:/Users/arthu/minimalv2/LogisticMap/LogisticMap.srcs/constrs_1/imports/MINIZED/minized_pins.xdc:153]
CRITICAL WARNING: [Common 17-55] 'set_property' expects at least one object. [C:/Users/arthu/minimalv2/LogisticMap/LogisticMap.srcs/constrs_1/imports/MINIZED/minized_pins.xdc:153]
Resolution: If [get_<value>] was used to populate the object, check to make sure this command returns at least one valid object.
WARNING: [Vivado 12-584] No ports matched 'PMOD2_PIN7'. [C:/Users/arthu/minimalv2/LogisticMap/LogisticMap.srcs/constrs_1/imports/MINIZED/minized_pins.xdc:154]
CRITICAL WARNING: [Common 17-55] 'set_property' expects at least one object. [C:/Users/arthu/minimalv2/LogisticMap/LogisticMap.srcs/constrs_1/imports/MINIZED/minized_pins.xdc:154]
Resolution: If [get_<value>] was used to populate the object, check to make sure this command returns at least one valid object.
WARNING: [Vivado 12-584] No ports matched 'PMOD2_PIN8'. [C:/Users/arthu/minimalv2/LogisticMap/LogisticMap.srcs/constrs_1/imports/MINIZED/minized_pins.xdc:156]
CRITICAL WARNING: [Common 17-55] 'set_property' expects at least one object. [C:/Users/arthu/minimalv2/LogisticMap/LogisticMap.srcs/constrs_1/imports/MINIZED/minized_pins.xdc:156]
Resolution: If [get_<value>] was used to populate the object, check to make sure this command returns at least one valid object.
WARNING: [Vivado 12-584] No ports matched 'PMOD2_PIN8'. [C:/Users/arthu/minimalv2/LogisticMap/LogisticMap.srcs/constrs_1/imports/MINIZED/minized_pins.xdc:157]
CRITICAL WARNING: [Common 17-55] 'set_property' expects at least one object. [C:/Users/arthu/minimalv2/LogisticMap/LogisticMap.srcs/constrs_1/imports/MINIZED/minized_pins.xdc:157]
Resolution: If [get_<value>] was used to populate the object, check to make sure this command returns at least one valid object.
WARNING: [Vivado 12-584] No ports matched 'PMOD2_PIN9'. [C:/Users/arthu/minimalv2/LogisticMap/LogisticMap.srcs/constrs_1/imports/MINIZED/minized_pins.xdc:159]
CRITICAL WARNING: [Common 17-55] 'set_property' expects at least one object. [C:/Users/arthu/minimalv2/LogisticMap/LogisticMap.srcs/constrs_1/imports/MINIZED/minized_pins.xdc:159]
Resolution: If [get_<value>] was used to populate the object, check to make sure this command returns at least one valid object.
WARNING: [Vivado 12-584] No ports matched 'PMOD2_PIN9'. [C:/Users/arthu/minimalv2/LogisticMap/LogisticMap.srcs/constrs_1/imports/MINIZED/minized_pins.xdc:160]
CRITICAL WARNING: [Common 17-55] 'set_property' expects at least one object. [C:/Users/arthu/minimalv2/LogisticMap/LogisticMap.srcs/constrs_1/imports/MINIZED/minized_pins.xdc:160]
Resolution: If [get_<value>] was used to populate the object, check to make sure this command returns at least one valid object.
WARNING: [Vivado 12-584] No ports matched 'PMOD2_PIN10'. [C:/Users/arthu/minimalv2/LogisticMap/LogisticMap.srcs/constrs_1/imports/MINIZED/minized_pins.xdc:162]
CRITICAL WARNING: [Common 17-55] 'set_property' expects at least one object. [C:/Users/arthu/minimalv2/LogisticMap/LogisticMap.srcs/constrs_1/imports/MINIZED/minized_pins.xdc:162]
Resolution: If [get_<value>] was used to populate the object, check to make sure this command returns at least one valid object.
WARNING: [Vivado 12-584] No ports matched 'PMOD2_PIN10'. [C:/Users/arthu/minimalv2/LogisticMap/LogisticMap.srcs/constrs_1/imports/MINIZED/minized_pins.xdc:163]
CRITICAL WARNING: [Common 17-55] 'set_property' expects at least one object. [C:/Users/arthu/minimalv2/LogisticMap/LogisticMap.srcs/constrs_1/imports/MINIZED/minized_pins.xdc:163]
Resolution: If [get_<value>] was used to populate the object, check to make sure this command returns at least one valid object.
WARNING: [Vivado 12-584] No ports matched 'AUDIO_CLK'. [C:/Users/arthu/minimalv2/LogisticMap/LogisticMap.srcs/constrs_1/imports/MINIZED/minized_pins.xdc:168]
CRITICAL WARNING: [Common 17-55] 'set_property' expects at least one object. [C:/Users/arthu/minimalv2/LogisticMap/LogisticMap.srcs/constrs_1/imports/MINIZED/minized_pins.xdc:168]
Resolution: If [get_<value>] was used to populate the object, check to make sure this command returns at least one valid object.
WARNING: [Vivado 12-584] No ports matched 'AUDIO_CLK'. [C:/Users/arthu/minimalv2/LogisticMap/LogisticMap.srcs/constrs_1/imports/MINIZED/minized_pins.xdc:169]
CRITICAL WARNING: [Common 17-55] 'set_property' expects at least one object. [C:/Users/arthu/minimalv2/LogisticMap/LogisticMap.srcs/constrs_1/imports/MINIZED/minized_pins.xdc:169]
Resolution: If [get_<value>] was used to populate the object, check to make sure this command returns at least one valid object.
WARNING: [Vivado 12-584] No ports matched 'AUDIO_DAT'. [C:/Users/arthu/minimalv2/LogisticMap/LogisticMap.srcs/constrs_1/imports/MINIZED/minized_pins.xdc:171]
CRITICAL WARNING: [Common 17-55] 'set_property' expects at least one object. [C:/Users/arthu/minimalv2/LogisticMap/LogisticMap.srcs/constrs_1/imports/MINIZED/minized_pins.xdc:171]
Resolution: If [get_<value>] was used to populate the object, check to make sure this command returns at least one valid object.
WARNING: [Vivado 12-584] No ports matched 'AUDIO_DAT'. [C:/Users/arthu/minimalv2/LogisticMap/LogisticMap.srcs/constrs_1/imports/MINIZED/minized_pins.xdc:172]
CRITICAL WARNING: [Common 17-55] 'set_property' expects at least one object. [C:/Users/arthu/minimalv2/LogisticMap/LogisticMap.srcs/constrs_1/imports/MINIZED/minized_pins.xdc:172]
Resolution: If [get_<value>] was used to populate the object, check to make sure this command returns at least one valid object.
WARNING: [Vivado 12-584] No ports matched 'WL_SDIO_CLK'. [C:/Users/arthu/minimalv2/LogisticMap/LogisticMap.srcs/constrs_1/imports/MINIZED/minized_pins.xdc:177]
CRITICAL WARNING: [Common 17-55] 'set_property' expects at least one object. [C:/Users/arthu/minimalv2/LogisticMap/LogisticMap.srcs/constrs_1/imports/MINIZED/minized_pins.xdc:177]
Resolution: If [get_<value>] was used to populate the object, check to make sure this command returns at least one valid object.
WARNING: [Vivado 12-584] No ports matched 'WL_SDIO_CLK'. [C:/Users/arthu/minimalv2/LogisticMap/LogisticMap.srcs/constrs_1/imports/MINIZED/minized_pins.xdc:178]
CRITICAL WARNING: [Common 17-55] 'set_property' expects at least one object. [C:/Users/arthu/minimalv2/LogisticMap/LogisticMap.srcs/constrs_1/imports/MINIZED/minized_pins.xdc:178]
Resolution: If [get_<value>] was used to populate the object, check to make sure this command returns at least one valid object.
WARNING: [Vivado 12-584] No ports matched 'WL_SDIO_CMD'. [C:/Users/arthu/minimalv2/LogisticMap/LogisticMap.srcs/constrs_1/imports/MINIZED/minized_pins.xdc:180]
CRITICAL WARNING: [Common 17-55] 'set_property' expects at least one object. [C:/Users/arthu/minimalv2/LogisticMap/LogisticMap.srcs/constrs_1/imports/MINIZED/minized_pins.xdc:180]
Resolution: If [get_<value>] was used to populate the object, check to make sure this command returns at least one valid object.
WARNING: [Vivado 12-584] No ports matched 'WL_SDIO_CMD'. [C:/Users/arthu/minimalv2/LogisticMap/LogisticMap.srcs/constrs_1/imports/MINIZED/minized_pins.xdc:181]
CRITICAL WARNING: [Common 17-55] 'set_property' expects at least one object. [C:/Users/arthu/minimalv2/LogisticMap/LogisticMap.srcs/constrs_1/imports/MINIZED/minized_pins.xdc:181]
Resolution: If [get_<value>] was used to populate the object, check to make sure this command returns at least one valid object.
WARNING: [Vivado 12-584] No ports matched 'WL_SDIO_DAT[0]'. [C:/Users/arthu/minimalv2/LogisticMap/LogisticMap.srcs/constrs_1/imports/MINIZED/minized_pins.xdc:183]
CRITICAL WARNING: [Common 17-55] 'set_property' expects at least one object. [C:/Users/arthu/minimalv2/LogisticMap/LogisticMap.srcs/constrs_1/imports/MINIZED/minized_pins.xdc:183]
Resolution: If [get_<value>] was used to populate the object, check to make sure this command returns at least one valid object.
WARNING: [Vivado 12-584] No ports matched 'WL_SDIO_DAT[0]'. [C:/Users/arthu/minimalv2/LogisticMap/LogisticMap.srcs/constrs_1/imports/MINIZED/minized_pins.xdc:184]
CRITICAL WARNING: [Common 17-55] 'set_property' expects at least one object. [C:/Users/arthu/minimalv2/LogisticMap/LogisticMap.srcs/constrs_1/imports/MINIZED/minized_pins.xdc:184]
Resolution: If [get_<value>] was used to populate the object, check to make sure this command returns at least one valid object.
WARNING: [Vivado 12-584] No ports matched 'WL_SDIO_DAT[1]'. [C:/Users/arthu/minimalv2/LogisticMap/LogisticMap.srcs/constrs_1/imports/MINIZED/minized_pins.xdc:186]
CRITICAL WARNING: [Common 17-55] 'set_property' expects at least one object. [C:/Users/arthu/minimalv2/LogisticMap/LogisticMap.srcs/constrs_1/imports/MINIZED/minized_pins.xdc:186]
Resolution: If [get_<value>] was used to populate the object, check to make sure this command returns at least one valid object.
WARNING: [Vivado 12-584] No ports matched 'WL_SDIO_DAT[1]'. [C:/Users/arthu/minimalv2/LogisticMap/LogisticMap.srcs/constrs_1/imports/MINIZED/minized_pins.xdc:187]
CRITICAL WARNING: [Common 17-55] 'set_property' expects at least one object. [C:/Users/arthu/minimalv2/LogisticMap/LogisticMap.srcs/constrs_1/imports/MINIZED/minized_pins.xdc:187]
Resolution: If [get_<value>] was used to populate the object, check to make sure this command returns at least one valid object.
WARNING: [Vivado 12-584] No ports matched 'WL_SDIO_DAT[2]'. [C:/Users/arthu/minimalv2/LogisticMap/LogisticMap.srcs/constrs_1/imports/MINIZED/minized_pins.xdc:189]
CRITICAL WARNING: [Common 17-55] 'set_property' expects at least one object. [C:/Users/arthu/minimalv2/LogisticMap/LogisticMap.srcs/constrs_1/imports/MINIZED/minized_pins.xdc:189]
Resolution: If [get_<value>] was used to populate the object, check to make sure this command returns at least one valid object.
WARNING: [Vivado 12-584] No ports matched 'WL_SDIO_DAT[2]'. [C:/Users/arthu/minimalv2/LogisticMap/LogisticMap.srcs/constrs_1/imports/MINIZED/minized_pins.xdc:190]
CRITICAL WARNING: [Common 17-55] 'set_property' expects at least one object. [C:/Users/arthu/minimalv2/LogisticMap/LogisticMap.srcs/constrs_1/imports/MINIZED/minized_pins.xdc:190]
Resolution: If [get_<value>] was used to populate the object, check to make sure this command returns at least one valid object.
WARNING: [Vivado 12-584] No ports matched 'WL_SDIO_DAT[3]'. [C:/Users/arthu/minimalv2/LogisticMap/LogisticMap.srcs/constrs_1/imports/MINIZED/minized_pins.xdc:192]
CRITICAL WARNING: [Common 17-55] 'set_property' expects at least one object. [C:/Users/arthu/minimalv2/LogisticMap/LogisticMap.srcs/constrs_1/imports/MINIZED/minized_pins.xdc:192]
Resolution: If [get_<value>] was used to populate the object, check to make sure this command returns at least one valid object.
WARNING: [Vivado 12-584] No ports matched 'WL_SDIO_DAT[3]'. [C:/Users/arthu/minimalv2/LogisticMap/LogisticMap.srcs/constrs_1/imports/MINIZED/minized_pins.xdc:193]
CRITICAL WARNING: [Common 17-55] 'set_property' expects at least one object. [C:/Users/arthu/minimalv2/LogisticMap/LogisticMap.srcs/constrs_1/imports/MINIZED/minized_pins.xdc:193]
Resolution: If [get_<value>] was used to populate the object, check to make sure this command returns at least one valid object.
WARNING: [Vivado 12-584] No ports matched 'WL_REG_ON'. [C:/Users/arthu/minimalv2/LogisticMap/LogisticMap.srcs/constrs_1/imports/MINIZED/minized_pins.xdc:195]
CRITICAL WARNING: [Common 17-55] 'set_property' expects at least one object. [C:/Users/arthu/minimalv2/LogisticMap/LogisticMap.srcs/constrs_1/imports/MINIZED/minized_pins.xdc:195]
Resolution: If [get_<value>] was used to populate the object, check to make sure this command returns at least one valid object.
WARNING: [Vivado 12-584] No ports matched 'WL_REG_ON'. [C:/Users/arthu/minimalv2/LogisticMap/LogisticMap.srcs/constrs_1/imports/MINIZED/minized_pins.xdc:196]
CRITICAL WARNING: [Common 17-55] 'set_property' expects at least one object. [C:/Users/arthu/minimalv2/LogisticMap/LogisticMap.srcs/constrs_1/imports/MINIZED/minized_pins.xdc:196]
Resolution: If [get_<value>] was used to populate the object, check to make sure this command returns at least one valid object.
WARNING: [Vivado 12-584] No ports matched 'WL_HOST_WAKE'. [C:/Users/arthu/minimalv2/LogisticMap/LogisticMap.srcs/constrs_1/imports/MINIZED/minized_pins.xdc:198]
CRITICAL WARNING: [Common 17-55] 'set_property' expects at least one object. [C:/Users/arthu/minimalv2/LogisticMap/LogisticMap.srcs/constrs_1/imports/MINIZED/minized_pins.xdc:198]
Resolution: If [get_<value>] was used to populate the object, check to make sure this command returns at least one valid object.
WARNING: [Vivado 12-584] No ports matched 'WL_HOST_WAKE'. [C:/Users/arthu/minimalv2/LogisticMap/LogisticMap.srcs/constrs_1/imports/MINIZED/minized_pins.xdc:199]
CRITICAL WARNING: [Common 17-55] 'set_property' expects at least one object. [C:/Users/arthu/minimalv2/LogisticMap/LogisticMap.srcs/constrs_1/imports/MINIZED/minized_pins.xdc:199]
Resolution: If [get_<value>] was used to populate the object, check to make sure this command returns at least one valid object.
WARNING: [Vivado 12-584] No ports matched 'BT_TXD_OUT'. [C:/Users/arthu/minimalv2/LogisticMap/LogisticMap.srcs/constrs_1/imports/MINIZED/minized_pins.xdc:201]
CRITICAL WARNING: [Common 17-55] 'set_property' expects at least one object. [C:/Users/arthu/minimalv2/LogisticMap/LogisticMap.srcs/constrs_1/imports/MINIZED/minized_pins.xdc:201]
Resolution: If [get_<value>] was used to populate the object, check to make sure this command returns at least one valid object.
WARNING: [Vivado 12-584] No ports matched 'BT_TXD_OUT'. [C:/Users/arthu/minimalv2/LogisticMap/LogisticMap.srcs/constrs_1/imports/MINIZED/minized_pins.xdc:202]
INFO: [Common 17-14] Message 'Vivado 12-584' appears 100 times and further instances of the messages will be disabled. Use the Tcl command set_msg_config to change the current settings. [C:/Users/arthu/minimalv2/LogisticMap/LogisticMap.srcs/constrs_1/imports/MINIZED/minized_pins.xdc:202]
CRITICAL WARNING: [Common 17-55] 'set_property' expects at least one object. [C:/Users/arthu/minimalv2/LogisticMap/LogisticMap.srcs/constrs_1/imports/MINIZED/minized_pins.xdc:202]
Resolution: If [get_<value>] was used to populate the object, check to make sure this command returns at least one valid object.
INFO: [Common 17-14] Message 'Common 17-55' appears 100 times and further instances of the messages will be disabled. Use the Tcl command set_msg_config to change the current settings. [C:/Users/arthu/minimalv2/LogisticMap/LogisticMap.srcs/constrs_1/imports/MINIZED/minized_pins.xdc:202]
Finished Parsing XDC File [C:/Users/arthu/minimalv2/LogisticMap/LogisticMap.srcs/constrs_1/imports/MINIZED/minized_pins.xdc]
INFO: [Project 1-1714] 49 XPM XDC files have been applied to the design.
INFO: [Opt 31-138] Pushed 0 inverter(s) to 0 load pin(s).
Netlist sorting complete. Time (s): cpu = 00:00:00 ; elapsed = 00:00:00.004 . Memory (MB): peak = 1535.461 ; gain = 0.000
INFO: [Project 1-111] Unisim Transformation Summary:
No Unisim elements were transformed.

22 Infos, 102 Warnings, 104 Critical Warnings and 0 Errors encountered.
link_design completed successfully
link_design: Time (s): cpu = 00:00:16 ; elapsed = 00:00:17 . Memory (MB): peak = 1535.461 ; gain = 941.918
Command: opt_design
Attempting to get a license for feature 'Implementation' and/or device 'xc7z007s'
INFO: [Common 17-349] Got license for feature 'Implementation' and/or device 'xc7z007s'
Running DRC as a precondition to command opt_design

Starting DRC Task
INFO: [DRC 23-27] Running DRC with 2 threads
INFO: [Project 1-461] DRC finished with 0 Errors
INFO: [Project 1-462] Please refer to the DRC report (report_drc) for more information.

Time (s): cpu = 00:00:01 ; elapsed = 00:00:00.878 . Memory (MB): peak = 1535.461 ; gain = 0.000

Starting Cache Timing Information Task
INFO: [Timing 38-35] Done setting XDC timing constraints.
Ending Cache Timing Information Task | Checksum: 1f78cd9fe

Time (s): cpu = 00:00:01 ; elapsed = 00:00:00.576 . Memory (MB): peak = 1535.461 ; gain = 0.000

Starting Logic Optimization Task

Phase 1 Initialization

Phase 1.1 Core Generation And Design Setup
Phase 1.1 Core Generation And Design Setup | Checksum: 1f78cd9fe

Time (s): cpu = 00:00:00 ; elapsed = 00:00:00.015 . Memory (MB): peak = 1984.000 ; gain = 0.000

Phase 1.2 Setup Constraints And Sort Netlist
Phase 1.2 Setup Constraints And Sort Netlist | Checksum: 1f78cd9fe

Time (s): cpu = 00:00:00 ; elapsed = 00:00:00.026 . Memory (MB): peak = 1984.000 ; gain = 0.000
Phase 1 Initialization | Checksum: 1f78cd9fe

Time (s): cpu = 00:00:00 ; elapsed = 00:00:00.029 . Memory (MB): peak = 1984.000 ; gain = 0.000

Phase 2 Timer Update And Timing Data Collection

Phase 2.1 Detect if minReqCache needed
Phase 2.1 Detect if minReqCache needed | Checksum: 1f78cd9fe

Time (s): cpu = 00:00:00 ; elapsed = 00:00:00.055 . Memory (MB): peak = 1984.000 ; gain = 0.000

Phase 2.2 Timer Update
Phase 2.2 Timer Update | Checksum: 1f78cd9fe

Time (s): cpu = 00:00:01 ; elapsed = 00:00:00.301 . Memory (MB): peak = 1984.000 ; gain = 0.000

Phase 2.3 Timing Data Collection
Phase 2.3 Timing Data Collection | Checksum: 1f78cd9fe

Time (s): cpu = 00:00:01 ; elapsed = 00:00:00.313 . Memory (MB): peak = 1984.000 ; gain = 0.000
Phase 2 Timer Update And Timing Data Collection | Checksum: 1f78cd9fe

Time (s): cpu = 00:00:01 ; elapsed = 00:00:00.315 . Memory (MB): peak = 1984.000 ; gain = 0.000

Phase 3 Retarget
INFO: [Opt 31-1851] Number of loadless carry chains removed were: 0
INFO: [Opt 31-1834] Total Chains To Be Transformed Were: 0 AND Number of Transformed insts Created are: 0
INFO: [Opt 31-1566] Pulled 2 inverters resulting in an inversion of 31 pins
INFO: [Opt 31-138] Pushed 4 inverter(s) to 10 load pin(s).
INFO: [Opt 31-49] Retargeted 0 cell(s).
Phase 3 Retarget | Checksum: 17325ef16

Time (s): cpu = 00:00:01 ; elapsed = 00:00:00.556 . Memory (MB): peak = 1984.000 ; gain = 0.000
Retarget | Checksum: 17325ef16
INFO: [Opt 31-389] Phase Retarget created 6 cells and removed 37 cells
INFO: [Opt 31-1021] In phase Retarget, 80 netlist objects are constrained preventing optimization. Please run opt_design with -debug_log to get more detail. 

Phase 4 Constant propagation
INFO: [Opt 31-138] Pushed 0 inverter(s) to 0 load pin(s).
Phase 4 Constant propagation | Checksum: 1a1c23261

Time (s): cpu = 00:00:01 ; elapsed = 00:00:00.720 . Memory (MB): peak = 1984.000 ; gain = 0.000
Constant propagation | Checksum: 1a1c23261
INFO: [Opt 31-389] Phase Constant propagation created 84 cells and removed 168 cells
INFO: [Opt 31-1021] In phase Constant propagation, 80 netlist objects are constrained preventing optimization. Please run opt_design with -debug_log to get more detail. 

Phase 5 Sweep
INFO: [Constraints 18-11670] Building netlist checker database with flags, 0x8
Done building netlist checker database: Time (s): cpu = 00:00:00 ; elapsed = 00:00:00.004 . Memory (MB): peak = 1984.000 ; gain = 0.000
INFO: [Constraints 18-11670] Building netlist checker database with flags, 0x8
Done building netlist checker database: Time (s): cpu = 00:00:00 ; elapsed = 00:00:00.003 . Memory (MB): peak = 1984.000 ; gain = 0.000
Phase 5 Sweep | Checksum: 1dd95783f

Time (s): cpu = 00:00:02 ; elapsed = 00:00:02 . Memory (MB): peak = 1984.000 ; gain = 0.000
Sweep | Checksum: 1dd95783f
INFO: [Opt 31-389] Phase Sweep created 0 cells and removed 293 cells
INFO: [Opt 31-1021] In phase Sweep, 100 netlist objects are constrained preventing optimization. Please run opt_design with -debug_log to get more detail. 

Phase 6 BUFG optimization
Phase 6 BUFG optimization | Checksum: 1dd95783f

Time (s): cpu = 00:00:02 ; elapsed = 00:00:02 . Memory (MB): peak = 1984.000 ; gain = 0.000
BUFG optimization | Checksum: 1dd95783f
INFO: [Opt 31-662] Phase BUFG optimization created 0 cells of which 0 are BUFGs and removed 0 cells.

Phase 7 Shift Register Optimization
INFO: [Opt 31-1064] SRL Remap converted 0 SRLs to 0 registers and converted 0 registers of register chains to 0 SRLs
Phase 7 Shift Register Optimization | Checksum: 1dd95783f

Time (s): cpu = 00:00:02 ; elapsed = 00:00:02 . Memory (MB): peak = 1984.000 ; gain = 0.000
Shift Register Optimization | Checksum: 1dd95783f
INFO: [Opt 31-389] Phase Shift Register Optimization created 0 cells and removed 0 cells

Phase 8 Post Processing Netlist
Phase 8 Post Processing Netlist | Checksum: 170d8a007

Time (s): cpu = 00:00:02 ; elapsed = 00:00:02 . Memory (MB): peak = 1984.000 ; gain = 0.000
Post Processing Netlist | Checksum: 170d8a007
INFO: [Opt 31-389] Phase Post Processing Netlist created 0 cells and removed 0 cells
INFO: [Opt 31-1021] In phase Post Processing Netlist, 95 netlist objects are constrained preventing optimization. Please run opt_design with -debug_log to get more detail. 

Phase 9 Finalization

Phase 9.1 Finalizing Design Cores and Updating Shapes
Phase 9.1 Finalizing Design Cores and Updating Shapes | Checksum: 203e8c0f2

Time (s): cpu = 00:00:03 ; elapsed = 00:00:02 . Memory (MB): peak = 1984.000 ; gain = 0.000

Phase 9.2 Verifying Netlist Connectivity

Starting Connectivity Check Task

Time (s): cpu = 00:00:00 ; elapsed = 00:00:00.022 . Memory (MB): peak = 1984.000 ; gain = 0.000
Phase 9.2 Verifying Netlist Connectivity | Checksum: 203e8c0f2

Time (s): cpu = 00:00:03 ; elapsed = 00:00:02 . Memory (MB): peak = 1984.000 ; gain = 0.000
Phase 9 Finalization | Checksum: 203e8c0f2

Time (s): cpu = 00:00:03 ; elapsed = 00:00:02 . Memory (MB): peak = 1984.000 ; gain = 0.000
Opt_design Change Summary
=========================


-------------------------------------------------------------------------------------------------------------------------
|  Phase                        |  #Cells created  |  #Cells Removed  |  #Constrained objects preventing optimizations  |
-------------------------------------------------------------------------------------------------------------------------
|  Retarget                     |               6  |              37  |                                             80  |
|  Constant propagation         |              84  |             168  |                                             80  |
|  Sweep                        |               0  |             293  |                                            100  |
|  BUFG optimization            |               0  |               0  |                                              0  |
|  Shift Register Optimization  |               0  |               0  |                                              0  |
|  Post Processing Netlist      |               0  |               0  |                                             95  |
-------------------------------------------------------------------------------------------------------------------------


Ending Logic Optimization Task | Checksum: 203e8c0f2

Time (s): cpu = 00:00:03 ; elapsed = 00:00:02 . Memory (MB): peak = 1984.000 ; gain = 0.000

Starting Power Optimization Task
INFO: [Pwropt 34-132] Skipping clock gating for clocks with a period < 2.00 ns.
Ending Power Optimization Task | Checksum: 203e8c0f2

Time (s): cpu = 00:00:00 ; elapsed = 00:00:00.028 . Memory (MB): peak = 1984.000 ; gain = 0.000

Starting Final Cleanup Task
Ending Final Cleanup Task | Checksum: 203e8c0f2

Time (s): cpu = 00:00:00 ; elapsed = 00:00:00.003 . Memory (MB): peak = 1984.000 ; gain = 0.000
Netlist sorting complete. Time (s): cpu = 00:00:00 ; elapsed = 00:00:00.004 . Memory (MB): peak = 1984.000 ; gain = 0.000
INFO: [Common 17-83] Releasing license: Implementation
48 Infos, 102 Warnings, 104 Critical Warnings and 0 Errors encountered.
opt_design completed successfully
opt_design: Time (s): cpu = 00:00:08 ; elapsed = 00:00:08 . Memory (MB): peak = 1984.000 ; gain = 448.539
INFO: [Vivado 12-24828] Executing command : report_drc -file design_1_wrapper_drc_opted.rpt -pb design_1_wrapper_drc_opted.pb -rpx design_1_wrapper_drc_opted.rpx
Command: report_drc -file design_1_wrapper_drc_opted.rpt -pb design_1_wrapper_drc_opted.pb -rpx design_1_wrapper_drc_opted.rpx
INFO: [IP_Flow 19-1839] IP Catalog is up to date.
INFO: [DRC 23-27] Running DRC with 2 threads
INFO: [Vivado_Tcl 2-168] The results of DRC are in file C:/Users/arthu/minimalv2/LogisticMap/LogisticMap.runs/impl_1/design_1_wrapper_drc_opted.rpt.
report_drc completed successfully
INFO: [Timing 38-480] Writing timing data to binary archive.
Wrote PlaceDB: Time (s): cpu = 00:00:00 ; elapsed = 00:00:00 . Memory (MB): peak = 1984.000 ; gain = 0.000
Wrote PulsedLatchDB: Time (s): cpu = 00:00:00 ; elapsed = 00:00:00 . Memory (MB): peak = 1984.000 ; gain = 0.000
Writing XDEF routing.
Write ShapeDB Complete: Time (s): cpu = 00:00:01 ; elapsed = 00:00:00.031 . Memory (MB): peak = 1984.000 ; gain = 0.000
Writing XDEF routing logical nets.
Writing XDEF routing special nets.
Wrote RouteStorage: Time (s): cpu = 00:00:01 ; elapsed = 00:00:00.037 . Memory (MB): peak = 1984.000 ; gain = 0.000
Wrote PlaceStorage: Time (s): cpu = 00:00:00 ; elapsed = 00:00:00.011 . Memory (MB): peak = 1984.000 ; gain = 0.000
Wrote Netlist Cache: Time (s): cpu = 00:00:00 ; elapsed = 00:00:00.001 . Memory (MB): peak = 1984.000 ; gain = 0.000
Wrote Device Cache: Time (s): cpu = 00:00:00 ; elapsed = 00:00:00.012 . Memory (MB): peak = 1984.000 ; gain = 0.000
Write Physdb Complete: Time (s): cpu = 00:00:01 ; elapsed = 00:00:00.071 . Memory (MB): peak = 1984.000 ; gain = 0.000
INFO: [Common 17-1381] The checkpoint 'C:/Users/arthu/minimalv2/LogisticMap/LogisticMap.runs/impl_1/design_1_wrapper_opt.dcp' has been generated.
Command: place_design
Attempting to get a license for feature 'Implementation' and/or device 'xc7z007s'
INFO: [Common 17-349] Got license for feature 'Implementation' and/or device 'xc7z007s'
INFO: [Common 17-83] Releasing license: Implementation
INFO: [DRC 23-27] Running DRC with 2 threads
INFO: [Vivado_Tcl 4-198] DRC finished with 0 Errors
INFO: [Vivado_Tcl 4-199] Please refer to the DRC report (report_drc) for more information.
INFO: [Timing 38-35] Done setting XDC timing constraints.
Running DRC as a precondition to command place_design
INFO: [DRC 23-27] Running DRC with 2 threads
INFO: [Vivado_Tcl 4-198] DRC finished with 0 Errors
INFO: [Vivado_Tcl 4-199] Please refer to the DRC report (report_drc) for more information.
INFO: [Place 30-611] Multithreading enabled for place_design using a maximum of 2 CPUs

Starting Placer Task

Phase 1 Placer Initialization

Phase 1.1 Placer Initialization Netlist Sorting
Netlist sorting complete. Time (s): cpu = 00:00:00 ; elapsed = 00:00:00.003 . Memory (MB): peak = 1984.000 ; gain = 0.000
Phase 1.1 Placer Initialization Netlist Sorting | Checksum: 180a7ea4a

Time (s): cpu = 00:00:00 ; elapsed = 00:00:00.016 . Memory (MB): peak = 1984.000 ; gain = 0.000
Netlist sorting complete. Time (s): cpu = 00:00:00 ; elapsed = 00:00:00.003 . Memory (MB): peak = 1984.000 ; gain = 0.000

Phase 1.2 IO Placement/ Clock Placement/ Build Placer Device
Phase 1.2 IO Placement/ Clock Placement/ Build Placer Device | Checksum: 1c43b7e67

Time (s): cpu = 00:00:00 ; elapsed = 00:00:00.522 . Memory (MB): peak = 1984.000 ; gain = 0.000

Phase 1.3 Build Placer Netlist Model
Phase 1.3 Build Placer Netlist Model | Checksum: 28db8f335

Time (s): cpu = 00:00:04 ; elapsed = 00:00:03 . Memory (MB): peak = 1984.000 ; gain = 0.000

Phase 1.4 Constrain Clocks/Macros
Phase 1.4 Constrain Clocks/Macros | Checksum: 28db8f335

Time (s): cpu = 00:00:04 ; elapsed = 00:00:03 . Memory (MB): peak = 1984.000 ; gain = 0.000
Phase 1 Placer Initialization | Checksum: 28db8f335

Time (s): cpu = 00:00:04 ; elapsed = 00:00:03 . Memory (MB): peak = 1984.000 ; gain = 0.000

Phase 2 Global Placement

Phase 2.1 Floorplanning
Phase 2.1 Floorplanning | Checksum: 23e87128f

Time (s): cpu = 00:00:07 ; elapsed = 00:00:05 . Memory (MB): peak = 1984.000 ; gain = 0.000

Phase 2.2 Update Timing before SLR Path Opt
Phase 2.2 Update Timing before SLR Path Opt | Checksum: 24f3a5cd1

Time (s): cpu = 00:00:09 ; elapsed = 00:00:06 . Memory (MB): peak = 1984.000 ; gain = 0.000

Phase 2.3 Post-Processing in Floorplanning
Phase 2.3 Post-Processing in Floorplanning | Checksum: 24f3a5cd1

Time (s): cpu = 00:00:09 ; elapsed = 00:00:06 . Memory (MB): peak = 1984.000 ; gain = 0.000

Phase 2.4 Global Place Phase1
Phase 2.4 Global Place Phase1 | Checksum: 1eb23ed9c

Time (s): cpu = 00:00:19 ; elapsed = 00:00:11 . Memory (MB): peak = 1984.000 ; gain = 0.000

Phase 2.5 Global Place Phase2

Phase 2.5.1 UpdateTiming Before Physical Synthesis
Phase 2.5.1 UpdateTiming Before Physical Synthesis | Checksum: 1eb23ed9c

Time (s): cpu = 00:00:21 ; elapsed = 00:00:13 . Memory (MB): peak = 1984.000 ; gain = 0.000

Phase 2.5.2 Physical Synthesis In Placer
INFO: [Physopt 32-1035] Found 0 LUTNM shape to break, 388 LUT instances to create LUTNM shape
INFO: [Physopt 32-1044] Break lutnm for timing: one critical 0, two critical 0, total 0, new lutff created 0
INFO: [Physopt 32-1138] End 1 Pass. Optimized 163 nets or LUTs. Breaked 0 LUT, combined 163 existing LUTs and moved 0 existing LUT
INFO: [Physopt 32-65] No nets found for high-fanout optimization.
INFO: [Physopt 32-232] Optimized 0 net. Created 0 new instance.
INFO: [Physopt 32-775] End 1 Pass. Optimized 0 net or cell. Created 0 new cell, deleted 0 existing cell and moved 0 existing cell
INFO: [Physopt 32-670] No setup violation found.  DSP Register Optimization was not performed.
INFO: [Physopt 32-670] No setup violation found.  Shift Register to Pipeline Optimization was not performed.
INFO: [Physopt 32-670] No setup violation found.  Shift Register Optimization was not performed.
INFO: [Physopt 32-670] No setup violation found.  BRAM Register Optimization was not performed.
INFO: [Physopt 32-670] No setup violation found.  URAM Register Optimization was not performed.
INFO: [Physopt 32-949] No candidate nets found for dynamic/static region interface net replication
INFO: [Physopt 32-775] End 1 Pass. Optimized 0 net or cell. Created 0 new cell, deleted 0 existing cell and moved 0 existing cell
Netlist sorting complete. Time (s): cpu = 00:00:00 ; elapsed = 00:00:00.004 . Memory (MB): peak = 1984.000 ; gain = 0.000

Summary of Physical Synthesis Optimizations
============================================


-----------------------------------------------------------------------------------------------------------------------------------------------------------
|  Optimization                                     |  Added Cells  |  Removed Cells  |  Optimized Cells/Nets  |  Dont Touch  |  Iterations  |  Elapsed   |
-----------------------------------------------------------------------------------------------------------------------------------------------------------
|  LUT Combining                                    |            0  |            163  |                   163  |           0  |           1  |  00:00:00  |
|  Retime                                           |            0  |              0  |                     0  |           0  |           1  |  00:00:00  |
|  Very High Fanout                                 |            0  |              0  |                     0  |           0  |           1  |  00:00:00  |
|  DSP Register                                     |            0  |              0  |                     0  |           0  |           0  |  00:00:00  |
|  Shift Register to Pipeline                       |            0  |              0  |                     0  |           0  |           0  |  00:00:00  |
|  Shift Register                                   |            0  |              0  |                     0  |           0  |           0  |  00:00:00  |
|  BRAM Register                                    |            0  |              0  |                     0  |           0  |           0  |  00:00:00  |
|  URAM Register                                    |            0  |              0  |                     0  |           0  |           0  |  00:00:00  |
|  Dynamic/Static Region Interface Net Replication  |            0  |              0  |                     0  |           0  |           1  |  00:00:00  |
|  Total                                            |            0  |            163  |                   163  |           0  |           4  |  00:00:00  |
-----------------------------------------------------------------------------------------------------------------------------------------------------------


Phase 2.5.2 Physical Synthesis In Placer | Checksum: 16561aff2

Time (s): cpu = 00:00:24 ; elapsed = 00:00:15 . Memory (MB): peak = 1984.000 ; gain = 0.000
Phase 2.5 Global Place Phase2 | Checksum: 259e1e36d

Time (s): cpu = 00:00:25 ; elapsed = 00:00:15 . Memory (MB): peak = 1984.000 ; gain = 0.000
Phase 2 Global Placement | Checksum: 259e1e36d

Time (s): cpu = 00:00:25 ; elapsed = 00:00:15 . Memory (MB): peak = 1984.000 ; gain = 0.000

Phase 3 Detail Placement

Phase 3.1 Commit Multi Column Macros
Phase 3.1 Commit Multi Column Macros | Checksum: 1cfed8173

Time (s): cpu = 00:00:27 ; elapsed = 00:00:16 . Memory (MB): peak = 1984.000 ; gain = 0.000

Phase 3.2 Commit Most Macros & LUTRAMs
Phase 3.2 Commit Most Macros & LUTRAMs | Checksum: 1a3f8004a

Time (s): cpu = 00:00:31 ; elapsed = 00:00:18 . Memory (MB): peak = 1984.000 ; gain = 0.000

Phase 3.3 Area Swap Optimization
Phase 3.3 Area Swap Optimization | Checksum: 1b7cb6ced

Time (s): cpu = 00:00:31 ; elapsed = 00:00:18 . Memory (MB): peak = 1984.000 ; gain = 0.000

Phase 3.4 Pipeline Register Optimization
Phase 3.4 Pipeline Register Optimization | Checksum: 16fc8b099

Time (s): cpu = 00:00:31 ; elapsed = 00:00:18 . Memory (MB): peak = 1984.000 ; gain = 0.000

Phase 3.5 Small Shape Detail Placement
Phase 3.5 Small Shape Detail Placement | Checksum: 28ec530ba

Time (s): cpu = 00:00:33 ; elapsed = 00:00:21 . Memory (MB): peak = 1984.000 ; gain = 0.000

Phase 3.6 Re-assign LUT pins
Phase 3.6 Re-assign LUT pins | Checksum: 253d709ec

Time (s): cpu = 00:00:34 ; elapsed = 00:00:22 . Memory (MB): peak = 1984.000 ; gain = 0.000

Phase 3.7 Pipeline Register Optimization
Phase 3.7 Pipeline Register Optimization | Checksum: 20bd946a8

Time (s): cpu = 00:00:34 ; elapsed = 00:00:22 . Memory (MB): peak = 1984.000 ; gain = 0.000
Phase 3 Detail Placement | Checksum: 20bd946a8

Time (s): cpu = 00:00:35 ; elapsed = 00:00:22 . Memory (MB): peak = 1984.000 ; gain = 0.000

Phase 4 Post Placement Optimization and Clean-Up

Phase 4.1 Post Commit Optimization
INFO: [Timing 38-35] Done setting XDC timing constraints.

Phase 4.1.1 Post Placement Optimization
Post Placement Optimization Initialization | Checksum: 266dce48c

Phase 4.1.1.1 BUFG Insertion

Starting Physical Synthesis Task

Phase 1 Physical Synthesis Initialization
INFO: [Physopt 32-721] Multithreading enabled for phys_opt_design using a maximum of 2 CPUs
INFO: [Physopt 32-619] Estimated Timing Summary | WNS=19.199 | TNS=0.000 |
Phase 1 Physical Synthesis Initialization | Checksum: 1a159d840

Time (s): cpu = 00:00:00 ; elapsed = 00:00:00.144 . Memory (MB): peak = 1984.000 ; gain = 0.000
INFO: [Place 46-56] BUFG insertion identified 0 candidate nets. Inserted BUFG: 0, Replicated BUFG Driver: 0, Skipped due to Placement/Routing Conflicts: 0, Skipped due to Timing Degradation: 0, Skipped due to netlist editing failed: 0.
Ending Physical Synthesis Task | Checksum: 22f08db93

Time (s): cpu = 00:00:00 ; elapsed = 00:00:00.171 . Memory (MB): peak = 1984.000 ; gain = 0.000
Phase 4.1.1.1 BUFG Insertion | Checksum: 266dce48c

Time (s): cpu = 00:00:38 ; elapsed = 00:00:24 . Memory (MB): peak = 1984.000 ; gain = 0.000

Phase 4.1.1.2 Post Placement Timing Optimization
INFO: [Place 30-746] Post Placement Timing Summary WNS=19.199. For the most accurate timing information please run report_timing.
Phase 4.1.1.2 Post Placement Timing Optimization | Checksum: 20af147c4

Time (s): cpu = 00:00:38 ; elapsed = 00:00:24 . Memory (MB): peak = 1984.000 ; gain = 0.000

Time (s): cpu = 00:00:38 ; elapsed = 00:00:24 . Memory (MB): peak = 1984.000 ; gain = 0.000
Phase 4.1 Post Commit Optimization | Checksum: 20af147c4

Time (s): cpu = 00:00:38 ; elapsed = 00:00:24 . Memory (MB): peak = 1984.000 ; gain = 0.000

Phase 4.2 Post Placement Cleanup
Phase 4.2 Post Placement Cleanup | Checksum: 20af147c4

Time (s): cpu = 00:00:38 ; elapsed = 00:00:24 . Memory (MB): peak = 1984.000 ; gain = 0.000

Phase 4.3 Placer Reporting

Phase 4.3.1 Print Estimated Congestion
INFO: [Place 30-612] Post-Placement Estimated Congestion 
 ____________________________________________________
|           | Global Congestion | Short Congestion  |
| Direction | Region Size       | Region Size       |
|___________|___________________|___________________|
|      North|                1x1|                2x2|
|___________|___________________|___________________|
|      South|                1x1|                2x2|
|___________|___________________|___________________|
|       East|                1x1|                1x1|
|___________|___________________|___________________|
|       West|                1x1|                1x1|
|___________|___________________|___________________|

Phase 4.3.1 Print Estimated Congestion | Checksum: 20af147c4

Time (s): cpu = 00:00:38 ; elapsed = 00:00:24 . Memory (MB): peak = 1984.000 ; gain = 0.000
Phase 4.3 Placer Reporting | Checksum: 20af147c4

Time (s): cpu = 00:00:38 ; elapsed = 00:00:24 . Memory (MB): peak = 1984.000 ; gain = 0.000

Phase 4.4 Final Placement Cleanup
Netlist sorting complete. Time (s): cpu = 00:00:00 ; elapsed = 00:00:00.004 . Memory (MB): peak = 1984.000 ; gain = 0.000

Time (s): cpu = 00:00:38 ; elapsed = 00:00:24 . Memory (MB): peak = 1984.000 ; gain = 0.000
Phase 4 Post Placement Optimization and Clean-Up | Checksum: 1651b9f57

Time (s): cpu = 00:00:38 ; elapsed = 00:00:24 . Memory (MB): peak = 1984.000 ; gain = 0.000
Ending Placer Task | Checksum: 105f25c7e

Time (s): cpu = 00:00:38 ; elapsed = 00:00:24 . Memory (MB): peak = 1984.000 ; gain = 0.000
83 Infos, 102 Warnings, 104 Critical Warnings and 0 Errors encountered.
place_design completed successfully
place_design: Time (s): cpu = 00:00:40 ; elapsed = 00:00:27 . Memory (MB): peak = 1984.000 ; gain = 0.000
INFO: [Vivado 12-24838] Running report commands "report_control_sets, report_io, report_utilization" in parallel.
Running report generation with 2 threads.
INFO: [Vivado 12-24828] Executing command : report_io -file design_1_wrapper_io_placed.rpt
report_io: Time (s): cpu = 00:00:01 ; elapsed = 00:00:00.067 . Memory (MB): peak = 1984.000 ; gain = 0.000
INFO: [Vivado 12-24828] Executing command : report_utilization -file design_1_wrapper_utilization_placed.rpt -pb design_1_wrapper_utilization_placed.pb
INFO: [Vivado 12-24828] Executing command : report_control_sets -verbose -file design_1_wrapper_control_sets_placed.rpt
report_control_sets: Time (s): cpu = 00:00:00 ; elapsed = 00:00:00.026 . Memory (MB): peak = 1984.000 ; gain = 0.000
INFO: [Timing 38-480] Writing timing data to binary archive.
Wrote PlaceDB: Time (s): cpu = 00:00:00 ; elapsed = 00:00:00 . Memory (MB): peak = 1984.000 ; gain = 0.000
Wrote PulsedLatchDB: Time (s): cpu = 00:00:00 ; elapsed = 00:00:00 . Memory (MB): peak = 1984.000 ; gain = 0.000
Writing XDEF routing.
Write ShapeDB Complete: Time (s): cpu = 00:00:00 ; elapsed = 00:00:00.029 . Memory (MB): peak = 1984.000 ; gain = 0.000
Writing XDEF routing logical nets.
Writing XDEF routing special nets.
Wrote RouteStorage: Time (s): cpu = 00:00:00 ; elapsed = 00:00:00.032 . Memory (MB): peak = 1984.000 ; gain = 0.000
Wrote PlaceStorage: Time (s): cpu = 00:00:01 ; elapsed = 00:00:00.323 . Memory (MB): peak = 1984.000 ; gain = 0.000
Wrote Netlist Cache: Time (s): cpu = 00:00:00 ; elapsed = 00:00:00.013 . Memory (MB): peak = 1984.000 ; gain = 0.000
Wrote Device Cache: Time (s): cpu = 00:00:00 ; elapsed = 00:00:00.012 . Memory (MB): peak = 1984.000 ; gain = 0.000
Write Physdb Complete: Time (s): cpu = 00:00:01 ; elapsed = 00:00:00.392 . Memory (MB): peak = 1984.000 ; gain = 0.000
INFO: [Common 17-1381] The checkpoint 'C:/Users/arthu/minimalv2/LogisticMap/LogisticMap.runs/impl_1/design_1_wrapper_placed.dcp' has been generated.
Command: phys_opt_design
Attempting to get a license for feature 'Implementation' and/or device 'xc7z007s'
INFO: [Common 17-349] Got license for feature 'Implementation' and/or device 'xc7z007s'

Starting Initial Update Timing Task

Time (s): cpu = 00:00:03 ; elapsed = 00:00:01 . Memory (MB): peak = 1984.000 ; gain = 0.000
INFO: [Vivado_Tcl 4-2279] Estimated Timing Summary | WNS= 19.199 | TNS= 0.000 | 
INFO: [Vivado_Tcl 4-383] Design worst setup slack (WNS) is greater than or equal to 0.000 ns. All physical synthesis setup optimizations will be skipped.
INFO: [Vivado_Tcl 4-232] No setup violation found. The netlist was not modified.
INFO: [Common 17-83] Releasing license: Implementation
94 Infos, 102 Warnings, 104 Critical Warnings and 0 Errors encountered.
phys_opt_design completed successfully
INFO: [Timing 38-480] Writing timing data to binary archive.
Wrote PlaceDB: Time (s): cpu = 00:00:00 ; elapsed = 00:00:00 . Memory (MB): peak = 1984.000 ; gain = 0.000
Wrote PulsedLatchDB: Time (s): cpu = 00:00:00 ; elapsed = 00:00:00 . Memory (MB): peak = 1984.000 ; gain = 0.000
Writing XDEF routing.
Write ShapeDB Complete: Time (s): cpu = 00:00:00 ; elapsed = 00:00:00.028 . Memory (MB): peak = 1984.000 ; gain = 0.000
Writing XDEF routing logical nets.
Writing XDEF routing special nets.
Wrote RouteStorage: Time (s): cpu = 00:00:00 ; elapsed = 00:00:00.033 . Memory (MB): peak = 1984.000 ; gain = 0.000
Wrote PlaceStorage: Time (s): cpu = 00:00:01 ; elapsed = 00:00:00.328 . Memory (MB): peak = 1984.000 ; gain = 0.000
Wrote Netlist Cache: Time (s): cpu = 00:00:00 ; elapsed = 00:00:00.014 . Memory (MB): peak = 1984.000 ; gain = 0.000
Wrote Device Cache: Time (s): cpu = 00:00:00 ; elapsed = 00:00:00.018 . Memory (MB): peak = 1984.000 ; gain = 0.000
Write Physdb Complete: Time (s): cpu = 00:00:01 ; elapsed = 00:00:00.406 . Memory (MB): peak = 1984.000 ; gain = 0.000
INFO: [Common 17-1381] The checkpoint 'C:/Users/arthu/minimalv2/LogisticMap/LogisticMap.runs/impl_1/design_1_wrapper_physopt.dcp' has been generated.
Command: route_design
Attempting to get a license for feature 'Implementation' and/or device 'xc7z007s'
INFO: [Common 17-349] Got license for feature 'Implementation' and/or device 'xc7z007s'


Starting Routing Task
INFO: [Route 35-254] Multithreading enabled for route_design using a maximum of 2 CPUs

Phase 1 Build RT Design
Checksum: PlaceDB: 488bc732 ConstDB: 0 ShapeSum: 1786a554 RouteDB: a5dfeff8
Post Restoration Checksum: NetGraph: 62ad5204 | NumContArr: 901438ac | Constraints: c2a8fa9d | Timing: c2a8fa9d
Phase 1 Build RT Design | Checksum: 278137fea

Time (s): cpu = 00:00:18 ; elapsed = 00:00:15 . Memory (MB): peak = 1984.000 ; gain = 0.000

Phase 2 Router Initialization

Phase 2.1 Fix Topology Constraints
Phase 2.1 Fix Topology Constraints | Checksum: 278137fea

Time (s): cpu = 00:00:18 ; elapsed = 00:00:15 . Memory (MB): peak = 1984.000 ; gain = 0.000

Phase 2.2 Pre Route Cleanup
Phase 2.2 Pre Route Cleanup | Checksum: 278137fea

Time (s): cpu = 00:00:18 ; elapsed = 00:00:15 . Memory (MB): peak = 1984.000 ; gain = 0.000
 Number of Nodes with overlaps = 0

Phase 2.3 Update Timing
Phase 2.3 Update Timing | Checksum: 292feb5cf

Time (s): cpu = 00:00:22 ; elapsed = 00:00:17 . Memory (MB): peak = 1984.000 ; gain = 0.000
INFO: [Route 35-416] Intermediate Timing Summary | WNS=19.289 | TNS=0.000  | WHS=-0.144 | THS=-28.724|


Phase 2.4 Soft Constraint Pins - Fast Budgeting
Phase 2.4 Soft Constraint Pins - Fast Budgeting | Checksum: 230ed5bd3

Time (s): cpu = 00:00:23 ; elapsed = 00:00:18 . Memory (MB): peak = 1984.000 ; gain = 0.000

Router Utilization Summary
  Global Vertical Routing Utilization    = 0.00154842 %
  Global Horizontal Routing Utilization  = 0.0066636 %
  Routable Net Status*
  *Does not include unroutable nets such as driverless and loadless.
  Run report_route_status for detailed report.
  Number of Failed Nets               = 7676
    (Failed Nets is the sum of unrouted and partially routed nets)
  Number of Unrouted Nets             = 7676
  Number of Partially Routed Nets     = 0
  Number of Node Overlaps             = 0

Phase 2 Router Initialization | Checksum: 2147edc1b

Time (s): cpu = 00:00:24 ; elapsed = 00:00:18 . Memory (MB): peak = 1984.000 ; gain = 0.000

Phase 3 Global Routing
Phase 3 Global Routing | Checksum: 2147edc1b

Time (s): cpu = 00:00:24 ; elapsed = 00:00:18 . Memory (MB): peak = 1984.000 ; gain = 0.000

Phase 4 Initial Routing

Phase 4.1 Initial Net Routing Pass
Phase 4.1 Initial Net Routing Pass | Checksum: 226b84d7e

Time (s): cpu = 00:00:25 ; elapsed = 00:00:19 . Memory (MB): peak = 1984.000 ; gain = 0.000
Phase 4 Initial Routing | Checksum: 226b84d7e

Time (s): cpu = 00:00:25 ; elapsed = 00:00:19 . Memory (MB): peak = 1984.000 ; gain = 0.000

Phase 5 Rip-up And Reroute

Phase 5.1 Global Iteration 0
 Number of Nodes with overlaps = 428
 Number of Nodes with overlaps = 2
 Number of Nodes with overlaps = 0
INFO: [Route 35-416] Intermediate Timing Summary | WNS=17.943 | TNS=0.000  | WHS=N/A    | THS=N/A    |

Phase 5.1 Global Iteration 0 | Checksum: 2589d3d6a

Time (s): cpu = 00:00:28 ; elapsed = 00:00:21 . Memory (MB): peak = 1984.000 ; gain = 0.000
Phase 5 Rip-up And Reroute | Checksum: 2589d3d6a

Time (s): cpu = 00:00:28 ; elapsed = 00:00:21 . Memory (MB): peak = 1984.000 ; gain = 0.000

Phase 6 Delay and Skew Optimization

Phase 6.1 Delay CleanUp

Phase 6.1.1 Update Timing
Phase 6.1.1 Update Timing | Checksum: 1e0afb12c

Time (s): cpu = 00:00:28 ; elapsed = 00:00:21 . Memory (MB): peak = 1984.000 ; gain = 0.000
INFO: [Route 35-416] Intermediate Timing Summary | WNS=18.058 | TNS=0.000  | WHS=N/A    | THS=N/A    |

Phase 6.1 Delay CleanUp | Checksum: 1e0afb12c

Time (s): cpu = 00:00:28 ; elapsed = 00:00:21 . Memory (MB): peak = 1984.000 ; gain = 0.000

Phase 6.2 Clock Skew Optimization
Phase 6.2 Clock Skew Optimization | Checksum: 1e0afb12c

Time (s): cpu = 00:00:28 ; elapsed = 00:00:21 . Memory (MB): peak = 1984.000 ; gain = 0.000
Phase 6 Delay and Skew Optimization | Checksum: 1e0afb12c

Time (s): cpu = 00:00:28 ; elapsed = 00:00:21 . Memory (MB): peak = 1984.000 ; gain = 0.000

Phase 7 Post Hold Fix

Phase 7.1 Hold Fix Iter
INFO: [Route 35-416] Intermediate Timing Summary | WNS=18.058 | TNS=0.000  | WHS=0.037  | THS=0.000  |

Phase 7.1 Hold Fix Iter | Checksum: 242512e74

Time (s): cpu = 00:00:29 ; elapsed = 00:00:21 . Memory (MB): peak = 1984.000 ; gain = 0.000
Phase 7 Post Hold Fix | Checksum: 242512e74

Time (s): cpu = 00:00:29 ; elapsed = 00:00:21 . Memory (MB): peak = 1984.000 ; gain = 0.000

Phase 8 Route finalize

Router Utilization Summary
  Global Vertical Routing Utilization    = 3.35642 %
  Global Horizontal Routing Utilization  = 4.49357 %
  Routable Net Status*
  *Does not include unroutable nets such as driverless and loadless.
  Run report_route_status for detailed report.
  Number of Failed Nets               = 0
    (Failed Nets is the sum of unrouted and partially routed nets)
  Number of Unrouted Nets             = 0
  Number of Partially Routed Nets     = 0
  Number of Node Overlaps             = 0

Phase 8 Route finalize | Checksum: 242512e74

Time (s): cpu = 00:00:29 ; elapsed = 00:00:21 . Memory (MB): peak = 1984.000 ; gain = 0.000

Phase 9 Verifying routed nets

 Verification completed successfully
Phase 9 Verifying routed nets | Checksum: 242512e74

Time (s): cpu = 00:00:29 ; elapsed = 00:00:21 . Memory (MB): peak = 1984.000 ; gain = 0.000

Phase 10 Depositing Routes
Phase 10 Depositing Routes | Checksum: 27009dbdc

Time (s): cpu = 00:00:30 ; elapsed = 00:00:23 . Memory (MB): peak = 1984.000 ; gain = 0.000

Phase 11 Post Process Routing
Phase 11 Post Process Routing | Checksum: 27009dbdc

Time (s): cpu = 00:00:30 ; elapsed = 00:00:23 . Memory (MB): peak = 1984.000 ; gain = 0.000

Phase 12 Post Router Timing
INFO: [Route 35-57] Estimated Timing Summary | WNS=18.058 | TNS=0.000  | WHS=0.037  | THS=0.000  |

INFO: [Route 35-327] The final timing numbers are based on the router estimated timing analysis. For a complete and accurate timing signoff, please run report_timing_summary.
Phase 12 Post Router Timing | Checksum: 27009dbdc

Time (s): cpu = 00:00:30 ; elapsed = 00:00:23 . Memory (MB): peak = 1984.000 ; gain = 0.000
Total Elapsed time in route_design: 22.603 secs

Phase 13 Post-Route Event Processing
Phase 13 Post-Route Event Processing | Checksum: e55ed179

Time (s): cpu = 00:00:30 ; elapsed = 00:00:23 . Memory (MB): peak = 1984.000 ; gain = 0.000
INFO: [Route 35-16] Router Completed Successfully
Ending Routing Task | Checksum: e55ed179

Time (s): cpu = 00:00:30 ; elapsed = 00:00:23 . Memory (MB): peak = 1984.000 ; gain = 0.000

Routing Is Done.
INFO: [Common 17-83] Releasing license: Implementation
106 Infos, 102 Warnings, 104 Critical Warnings and 0 Errors encountered.
route_design completed successfully
route_design: Time (s): cpu = 00:00:30 ; elapsed = 00:00:23 . Memory (MB): peak = 1984.000 ; gain = 0.000
INFO: [Vivado 12-24828] Executing command : report_drc -file design_1_wrapper_drc_routed.rpt -pb design_1_wrapper_drc_routed.pb -rpx design_1_wrapper_drc_routed.rpx
Command: report_drc -file design_1_wrapper_drc_routed.rpt -pb design_1_wrapper_drc_routed.pb -rpx design_1_wrapper_drc_routed.rpx
INFO: [IP_Flow 19-1839] IP Catalog is up to date.
INFO: [DRC 23-27] Running DRC with 2 threads
INFO: [Vivado_Tcl 2-168] The results of DRC are in file C:/Users/arthu/minimalv2/LogisticMap/LogisticMap.runs/impl_1/design_1_wrapper_drc_routed.rpt.
report_drc completed successfully
INFO: [Vivado 12-24828] Executing command : report_methodology -file design_1_wrapper_methodology_drc_routed.rpt -pb design_1_wrapper_methodology_drc_routed.pb -rpx design_1_wrapper_methodology_drc_routed.rpx
Command: report_methodology -file design_1_wrapper_methodology_drc_routed.rpt -pb design_1_wrapper_methodology_drc_routed.pb -rpx design_1_wrapper_methodology_drc_routed.rpx
INFO: [Timing 38-35] Done setting XDC timing constraints.
INFO: [DRC 23-133] Running Methodology with 2 threads
INFO: [Vivado_Tcl 2-1520] The results of Report Methodology are in file C:/Users/arthu/minimalv2/LogisticMap/LogisticMap.runs/impl_1/design_1_wrapper_methodology_drc_routed.rpt.
report_methodology completed successfully
INFO: [Vivado 12-24828] Executing command : report_timing_summary -max_paths 10 -routable_nets -report_unconstrained -file design_1_wrapper_timing_summary_routed.rpt -pb design_1_wrapper_timing_summary_routed.pb -rpx design_1_wrapper_timing_summary_routed.rpx -warn_on_violation 
INFO: [Timing 38-35] Done setting XDC timing constraints.
INFO: [Timing 38-91] UpdateTimingParams: Speed grade: -1, Delay Type: min_max.
INFO: [Timing 38-191] Multithreading enabled for timing update using a maximum of 2 CPUs
INFO: [Vivado 12-24838] Running report commands "report_incremental_reuse, report_route_status" in parallel.
Running report generation with 2 threads.
INFO: [Vivado 12-24828] Executing command : report_incremental_reuse -file design_1_wrapper_incremental_reuse_routed.rpt
INFO: [Vivado_Tcl 4-1062] Incremental flow is disabled. No incremental reuse Info to report.
INFO: [Vivado 12-24828] Executing command : report_route_status -file design_1_wrapper_route_status.rpt -pb design_1_wrapper_route_status.pb
INFO: [Vivado 12-24828] Executing command : report_power -file design_1_wrapper_power_routed.rpt -pb design_1_wrapper_power_summary_routed.pb -rpx design_1_wrapper_power_routed.rpx
Command: report_power -file design_1_wrapper_power_routed.rpt -pb design_1_wrapper_power_summary_routed.pb -rpx design_1_wrapper_power_routed.rpx
Running Vector-less Activity Propagation...

Finished Running Vector-less Activity Propagation
123 Infos, 102 Warnings, 104 Critical Warnings and 0 Errors encountered.
report_power completed successfully
INFO: [Vivado 12-24828] Executing command : report_clock_utilization -file design_1_wrapper_clock_utilization_routed.rpt
INFO: [Vivado 12-24828] Executing command : report_bus_skew -warn_on_violation -file design_1_wrapper_bus_skew_routed.rpt -pb design_1_wrapper_bus_skew_routed.pb -rpx design_1_wrapper_bus_skew_routed.rpx
INFO: [Timing 38-91] UpdateTimingParams: Speed grade: -1, Delay Type: min_max.
INFO: [Timing 38-191] Multithreading enabled for timing update using a maximum of 2 CPUs
generate_parallel_reports: Time (s): cpu = 00:00:15 ; elapsed = 00:00:09 . Memory (MB): peak = 1984.000 ; gain = 0.000
INFO: [Timing 38-480] Writing timing data to binary archive.
Wrote PlaceDB: Time (s): cpu = 00:00:00 ; elapsed = 00:00:00 . Memory (MB): peak = 1984.000 ; gain = 0.000
Wrote PulsedLatchDB: Time (s): cpu = 00:00:00 ; elapsed = 00:00:00 . Memory (MB): peak = 1984.000 ; gain = 0.000
Writing XDEF routing.
Write ShapeDB Complete: Time (s): cpu = 00:00:00 ; elapsed = 00:00:00.030 . Memory (MB): peak = 1984.000 ; gain = 0.000
Writing XDEF routing logical nets.
Writing XDEF routing special nets.
Wrote RouteStorage: Time (s): cpu = 00:00:00 ; elapsed = 00:00:00.104 . Memory (MB): peak = 1984.000 ; gain = 0.000
Wrote PlaceStorage: Time (s): cpu = 00:00:01 ; elapsed = 00:00:00.324 . Memory (MB): peak = 1984.000 ; gain = 0.000
Wrote Netlist Cache: Time (s): cpu = 00:00:00 ; elapsed = 00:00:00.013 . Memory (MB): peak = 1984.000 ; gain = 0.000
Wrote Device Cache: Time (s): cpu = 00:00:00 ; elapsed = 00:00:00.011 . Memory (MB): peak = 1984.000 ; gain = 0.000
Write Physdb Complete: Time (s): cpu = 00:00:01 ; elapsed = 00:00:00.468 . Memory (MB): peak = 1984.000 ; gain = 0.000
INFO: [Common 17-1381] The checkpoint 'C:/Users/arthu/minimalv2/LogisticMap/LogisticMap.runs/impl_1/design_1_wrapper_routed.dcp' has been generated.
Command: write_bitstream -force design_1_wrapper.bit
Attempting to get a license for feature 'Implementation' and/or device 'xc7z007s'
INFO: [Common 17-349] Got license for feature 'Implementation' and/or device 'xc7z007s'
Running DRC as a precondition to command write_bitstream
INFO: [IP_Flow 19-1839] IP Catalog is up to date.
INFO: [DRC 23-27] Running DRC with 2 threads
INFO: [Vivado 12-3199] DRC finished with 0 Errors
INFO: [Vivado 12-3200] Please refer to the DRC report (report_drc) for more information.
Integrating Hard IP ELF/MEM with the PDI.
INFO: [Designutils 20-2272] Running write_bitstream with 2 threads.
Loading data files...
Loading site data...
Loading route data...
Processing options...
Creating bitmap...
Creating bitstream...
Writing bitstream ./design_1_wrapper.bit...
INFO: [Vivado 12-1842] Bitgen Completed Successfully.
INFO: [Common 17-83] Releasing license: Implementation
137 Infos, 102 Warnings, 104 Critical Warnings and 0 Errors encountered.
write_bitstream completed successfully
write_bitstream: Time (s): cpu = 00:00:15 ; elapsed = 00:00:12 . Memory (MB): peak = 2235.188 ; gain = 251.188
INFO: [Common 17-206] Exiting Vivado at Mon Jan  5 12:45:39 2026...
