
*** Running vivado
    with args -log MariusMethod_25.vdi -applog -m64 -product Vivado -messageDb vivado.pb -mode batch -source MariusMethod_25.tcl -notrace



****** Vivado v2025.2 (64-bit)
  **** SW Build 6299465 on Fri Nov 14 19:35:11 GMT 2025
  **** IP Build 6300035 on Fri Nov 14 10:48:45 MST 2025
  **** SharedData Build 6298862 on Thu Nov 13 04:50:51 MST 2025
  **** Start of session at: Wed Jan  7 11:13:18 2026
    ** Copyright 1986-2022 Xilinx, Inc. All Rights Reserved.
    ** Copyright 2022-2025 Advanced Micro Devices, Inc. All Rights Reserved.

source MariusMethod_25.tcl -notrace
create_project: Time (s): cpu = 00:00:09 ; elapsed = 00:00:06 . Memory (MB): peak = 546.215 ; gain = 231.719
Command: link_design -top MariusMethod_25 -part xc7z007sclg225-1
Design is defaulting to srcset: sources_1
Design is defaulting to constrset: constrs_1
INFO: [Device 21-403] Loading part xc7z007sclg225-1
Netlist sorting complete. Time (s): cpu = 00:00:00 ; elapsed = 00:00:00.034 . Memory (MB): peak = 770.891 ; gain = 0.000
WARNING: [Netlist 29-101] Netlist 'MariusMethod_25' is not ideal for floorplanning, since the cellview 'MariusMethod_25' contains a large number of primitives.  Please consider enabling hierarchy in synthesis if you want to do floorplanning.
INFO: [Project 1-479] Netlist was created with Vivado 2025.2
INFO: [Project 1-570] Preparing netlist for logic optimization
Read ShapeDB Complete: Time (s): cpu = 00:00:00 ; elapsed = 00:00:00.016 . Memory (MB): peak = 891.590 ; gain = 1.473
Netlist sorting complete. Time (s): cpu = 00:00:00 ; elapsed = 00:00:00.004 . Memory (MB): peak = 892.492 ; gain = 0.000
INFO: [Project 1-111] Unisim Transformation Summary:
No Unisim elements were transformed.

4 Infos, 1 Warnings, 0 Critical Warnings and 0 Errors encountered.
link_design completed successfully
link_design: Time (s): cpu = 00:00:05 ; elapsed = 00:00:05 . Memory (MB): peak = 921.355 ; gain = 375.141
Command: opt_design
Attempting to get a license for feature 'Implementation' and/or device 'xc7z007s'
INFO: [Common 17-349] Got license for feature 'Implementation' and/or device 'xc7z007s'
Running DRC as a precondition to command opt_design

Starting DRC Task
INFO: [DRC 23-27] Running DRC with 2 threads
INFO: [Project 1-461] DRC finished with 0 Errors
INFO: [Project 1-462] Please refer to the DRC report (report_drc) for more information.

Time (s): cpu = 00:00:00 ; elapsed = 00:00:00.429 . Memory (MB): peak = 944.516 ; gain = 23.160

Starting Cache Timing Information Task
INFO: [Timing 38-35] Done setting XDC timing constraints.
Ending Cache Timing Information Task | Checksum: 2c5d6ead5

Time (s): cpu = 00:00:06 ; elapsed = 00:00:06 . Memory (MB): peak = 1490.211 ; gain = 545.695

Starting Logic Optimization Task

Phase 1 Initialization

Phase 1.1 Core Generation And Design Setup
Phase 1.1 Core Generation And Design Setup | Checksum: 2c5d6ead5

Time (s): cpu = 00:00:00 ; elapsed = 00:00:00.009 . Memory (MB): peak = 1949.359 ; gain = 0.000

Phase 1.2 Setup Constraints And Sort Netlist
Phase 1.2 Setup Constraints And Sort Netlist | Checksum: 2c5d6ead5

Time (s): cpu = 00:00:00 ; elapsed = 00:00:00.019 . Memory (MB): peak = 1949.359 ; gain = 0.000
Phase 1 Initialization | Checksum: 2c5d6ead5

Time (s): cpu = 00:00:00 ; elapsed = 00:00:00.020 . Memory (MB): peak = 1949.359 ; gain = 0.000

Phase 2 Timer Update And Timing Data Collection

Phase 2.1 Detect if minReqCache needed
Phase 2.1 Detect if minReqCache needed | Checksum: 2c5d6ead5

Time (s): cpu = 00:00:00 ; elapsed = 00:00:00.035 . Memory (MB): peak = 1949.359 ; gain = 0.000

Phase 2.2 Timer Update
Phase 2.2 Timer Update | Checksum: 2c5d6ead5

Time (s): cpu = 00:00:01 ; elapsed = 00:00:00.253 . Memory (MB): peak = 1949.359 ; gain = 0.000

Phase 2.3 Timing Data Collection
Phase 2.3 Timing Data Collection | Checksum: 2c5d6ead5

Time (s): cpu = 00:00:01 ; elapsed = 00:00:00.258 . Memory (MB): peak = 1949.359 ; gain = 0.000
Phase 2 Timer Update And Timing Data Collection | Checksum: 2c5d6ead5

Time (s): cpu = 00:00:01 ; elapsed = 00:00:00.259 . Memory (MB): peak = 1949.359 ; gain = 0.000

Phase 3 Retarget
INFO: [Opt 31-1851] Number of loadless carry chains removed were: 0
INFO: [Opt 31-1834] Total Chains To Be Transformed Were: 0 AND Number of Transformed insts Created are: 0
INFO: [Opt 31-138] Pushed 0 inverter(s) to 0 load pin(s).
INFO: [Opt 31-49] Retargeted 0 cell(s).
Phase 3 Retarget | Checksum: 2c5d6ead5

Time (s): cpu = 00:00:01 ; elapsed = 00:00:00.500 . Memory (MB): peak = 1949.359 ; gain = 0.000
Retarget | Checksum: 2c5d6ead5
INFO: [Opt 31-389] Phase Retarget created 0 cells and removed 0 cells

Phase 4 Constant propagation
INFO: [Opt 31-138] Pushed 0 inverter(s) to 0 load pin(s).
Phase 4 Constant propagation | Checksum: 2c5d6ead5

Time (s): cpu = 00:00:01 ; elapsed = 00:00:00.621 . Memory (MB): peak = 1949.359 ; gain = 0.000
Constant propagation | Checksum: 2c5d6ead5
INFO: [Opt 31-389] Phase Constant propagation created 0 cells and removed 0 cells

Phase 5 Sweep
INFO: [Constraints 18-11670] Building netlist checker database with flags, 0x8
Done building netlist checker database: Time (s): cpu = 00:00:00 ; elapsed = 00:00:00.002 . Memory (MB): peak = 1949.359 ; gain = 0.000
Phase 5 Sweep | Checksum: 278fdd743

Time (s): cpu = 00:00:01 ; elapsed = 00:00:00.722 . Memory (MB): peak = 1949.359 ; gain = 0.000
Sweep | Checksum: 278fdd743
INFO: [Opt 31-389] Phase Sweep created 4 cells and removed 0 cells

Phase 6 BUFG optimization
Phase 6 BUFG optimization | Checksum: 278fdd743

Time (s): cpu = 00:00:01 ; elapsed = 00:00:00.782 . Memory (MB): peak = 1949.359 ; gain = 0.000
BUFG optimization | Checksum: 278fdd743
INFO: [Opt 31-662] Phase BUFG optimization created 0 cells of which 0 are BUFGs and removed 0 cells.

Phase 7 Shift Register Optimization
INFO: [Opt 31-1064] SRL Remap converted 0 SRLs to 0 registers and converted 0 registers of register chains to 0 SRLs
Phase 7 Shift Register Optimization | Checksum: 278fdd743

Time (s): cpu = 00:00:01 ; elapsed = 00:00:00.806 . Memory (MB): peak = 1949.359 ; gain = 0.000
Shift Register Optimization | Checksum: 278fdd743
INFO: [Opt 31-389] Phase Shift Register Optimization created 0 cells and removed 0 cells

Phase 8 Post Processing Netlist
Phase 8 Post Processing Netlist | Checksum: 278fdd743

Time (s): cpu = 00:00:01 ; elapsed = 00:00:00.836 . Memory (MB): peak = 1949.359 ; gain = 0.000
Post Processing Netlist | Checksum: 278fdd743
INFO: [Opt 31-389] Phase Post Processing Netlist created 0 cells and removed 0 cells

Phase 9 Finalization

Phase 9.1 Finalizing Design Cores and Updating Shapes
Phase 9.1 Finalizing Design Cores and Updating Shapes | Checksum: 1d00395fe

Time (s): cpu = 00:00:01 ; elapsed = 00:00:00.892 . Memory (MB): peak = 1949.359 ; gain = 0.000

Phase 9.2 Verifying Netlist Connectivity

Starting Connectivity Check Task

Time (s): cpu = 00:00:00 ; elapsed = 00:00:00.048 . Memory (MB): peak = 1949.359 ; gain = 0.000
Phase 9.2 Verifying Netlist Connectivity | Checksum: 1d00395fe

Time (s): cpu = 00:00:01 ; elapsed = 00:00:00.944 . Memory (MB): peak = 1949.359 ; gain = 0.000
Phase 9 Finalization | Checksum: 1d00395fe

Time (s): cpu = 00:00:01 ; elapsed = 00:00:00.945 . Memory (MB): peak = 1949.359 ; gain = 0.000
Opt_design Change Summary
=========================


-------------------------------------------------------------------------------------------------------------------------
|  Phase                        |  #Cells created  |  #Cells Removed  |  #Constrained objects preventing optimizations  |
-------------------------------------------------------------------------------------------------------------------------
|  Retarget                     |               0  |               0  |                                              0  |
|  Constant propagation         |               0  |               0  |                                              0  |
|  Sweep                        |               4  |               0  |                                              0  |
|  BUFG optimization            |               0  |               0  |                                              0  |
|  Shift Register Optimization  |               0  |               0  |                                              0  |
|  Post Processing Netlist      |               0  |               0  |                                              0  |
-------------------------------------------------------------------------------------------------------------------------


Ending Logic Optimization Task | Checksum: 1d00395fe

Time (s): cpu = 00:00:01 ; elapsed = 00:00:00.949 . Memory (MB): peak = 1949.359 ; gain = 0.000

Starting Power Optimization Task
INFO: [Pwropt 34-132] Skipping clock gating for clocks with a period < 2.00 ns.
Ending Power Optimization Task | Checksum: 1d00395fe

Time (s): cpu = 00:00:00 ; elapsed = 00:00:00.027 . Memory (MB): peak = 1949.359 ; gain = 0.000

Starting Final Cleanup Task
Ending Final Cleanup Task | Checksum: 1d00395fe

Time (s): cpu = 00:00:00 ; elapsed = 00:00:00.001 . Memory (MB): peak = 1949.359 ; gain = 0.000
Netlist sorting complete. Time (s): cpu = 00:00:00 ; elapsed = 00:00:00.004 . Memory (MB): peak = 1949.359 ; gain = 0.000
INFO: [Common 17-83] Releasing license: Implementation
24 Infos, 1 Warnings, 0 Critical Warnings and 0 Errors encountered.
opt_design completed successfully
opt_design: Time (s): cpu = 00:00:11 ; elapsed = 00:00:11 . Memory (MB): peak = 1949.359 ; gain = 1028.004
INFO: [Vivado 12-24828] Executing command : report_drc -file MariusMethod_25_drc_opted.rpt -pb MariusMethod_25_drc_opted.pb -rpx MariusMethod_25_drc_opted.rpx
Command: report_drc -file MariusMethod_25_drc_opted.rpt -pb MariusMethod_25_drc_opted.pb -rpx MariusMethod_25_drc_opted.rpx
INFO: [IP_Flow 19-234] Refreshing IP repositories
INFO: [IP_Flow 19-1704] No user IP repositories specified
INFO: [IP_Flow 19-2313] Loaded Vivado IP repository 'C:/AMDDesignTools/2025.2/Vivado/data/ip'.
INFO: [DRC 23-27] Running DRC with 2 threads
INFO: [Vivado_Tcl 2-168] The results of DRC are in file C:/Users/arthu/Marius/Marius.runs/impl_1/MariusMethod_25_drc_opted.rpt.
report_drc completed successfully
Write ShapeDB Complete: Time (s): cpu = 00:00:00 ; elapsed = 00:00:00.014 . Memory (MB): peak = 1949.359 ; gain = 0.000
INFO: [Common 17-1381] The checkpoint 'C:/Users/arthu/Marius/Marius.runs/impl_1/MariusMethod_25_opt.dcp' has been generated.
Command: place_design
Attempting to get a license for feature 'Implementation' and/or device 'xc7z007s'
INFO: [Common 17-349] Got license for feature 'Implementation' and/or device 'xc7z007s'
INFO: [Common 17-83] Releasing license: Implementation
INFO: [DRC 23-27] Running DRC with 2 threads
INFO: [Vivado_Tcl 4-198] DRC finished with 0 Errors
INFO: [Vivado_Tcl 4-199] Please refer to the DRC report (report_drc) for more information.
INFO: [Timing 38-35] Done setting XDC timing constraints.
Running DRC as a precondition to command place_design
INFO: [DRC 23-27] Running DRC with 2 threads
INFO: [Vivado_Tcl 4-198] DRC finished with 0 Errors
INFO: [Vivado_Tcl 4-199] Please refer to the DRC report (report_drc) for more information.
INFO: [Place 30-611] Multithreading enabled for place_design using a maximum of 2 CPUs

Starting Placer Task

Phase 1 Placer Initialization

Phase 1.1 Placer Initialization Netlist Sorting
Netlist sorting complete. Time (s): cpu = 00:00:00 ; elapsed = 00:00:00.005 . Memory (MB): peak = 1949.359 ; gain = 0.000
Phase 1.1 Placer Initialization Netlist Sorting | Checksum: 14f9e4da5

Time (s): cpu = 00:00:00 ; elapsed = 00:00:00.012 . Memory (MB): peak = 1949.359 ; gain = 0.000
Netlist sorting complete. Time (s): cpu = 00:00:00 ; elapsed = 00:00:00.004 . Memory (MB): peak = 1949.359 ; gain = 0.000

Phase 1.2 IO Placement/ Clock Placement/ Build Placer Device
Phase 1.2 IO Placement/ Clock Placement/ Build Placer Device | Checksum: 166febd1f

Time (s): cpu = 00:00:01 ; elapsed = 00:00:00.742 . Memory (MB): peak = 1949.359 ; gain = 0.000

Phase 1.3 Build Placer Netlist Model
Phase 1.3 Build Placer Netlist Model | Checksum: 24ca99395

Time (s): cpu = 00:00:02 ; elapsed = 00:00:01 . Memory (MB): peak = 1949.359 ; gain = 0.000

Phase 1.4 Constrain Clocks/Macros
Phase 1.4 Constrain Clocks/Macros | Checksum: 24ca99395

Time (s): cpu = 00:00:02 ; elapsed = 00:00:01 . Memory (MB): peak = 1949.359 ; gain = 0.000
Phase 1 Placer Initialization | Checksum: 24ca99395

Time (s): cpu = 00:00:02 ; elapsed = 00:00:01 . Memory (MB): peak = 1949.359 ; gain = 0.000

Phase 2 Global Placement

Phase 2.1 Floorplanning
Phase 2.1 Floorplanning | Checksum: 24ca99395

Time (s): cpu = 00:00:02 ; elapsed = 00:00:01 . Memory (MB): peak = 1949.359 ; gain = 0.000

Phase 2.2 Update Timing before SLR Path Opt
Phase 2.2 Update Timing before SLR Path Opt | Checksum: 24ca99395

Time (s): cpu = 00:00:02 ; elapsed = 00:00:01 . Memory (MB): peak = 1949.359 ; gain = 0.000

Phase 2.3 Post-Processing in Floorplanning
Phase 2.3 Post-Processing in Floorplanning | Checksum: 24ca99395

Time (s): cpu = 00:00:02 ; elapsed = 00:00:01 . Memory (MB): peak = 1949.359 ; gain = 0.000

Phase 2.4 Global Place Phase1
Phase 2.4 Global Place Phase1 | Checksum: 22480b2f0

Time (s): cpu = 00:00:11 ; elapsed = 00:00:07 . Memory (MB): peak = 1949.359 ; gain = 0.000

Phase 2.5 Global Place Phase2
WARNING: [Place 46-29] Timing had been disabled during Placer and, therefore, physical synthesis in Placer will be skipped.
Phase 2.5 Global Place Phase2 | Checksum: 22c35d160

Time (s): cpu = 00:00:12 ; elapsed = 00:00:07 . Memory (MB): peak = 1949.359 ; gain = 0.000
Phase 2 Global Placement | Checksum: 22c35d160

Time (s): cpu = 00:00:12 ; elapsed = 00:00:07 . Memory (MB): peak = 1949.359 ; gain = 0.000

Phase 3 Detail Placement

Phase 3.1 Commit Multi Column Macros
Phase 3.1 Commit Multi Column Macros | Checksum: 22c35d160

Time (s): cpu = 00:00:12 ; elapsed = 00:00:07 . Memory (MB): peak = 1949.359 ; gain = 0.000

Phase 3.2 Commit Most Macros & LUTRAMs
Phase 3.2 Commit Most Macros & LUTRAMs | Checksum: 2053a5183

Time (s): cpu = 00:00:12 ; elapsed = 00:00:07 . Memory (MB): peak = 1949.359 ; gain = 0.000

Phase 3.3 Area Swap Optimization
Phase 3.3 Area Swap Optimization | Checksum: 2456f22ef

Time (s): cpu = 00:00:13 ; elapsed = 00:00:08 . Memory (MB): peak = 1949.359 ; gain = 0.000

Phase 3.4 Pipeline Register Optimization
Phase 3.4 Pipeline Register Optimization | Checksum: 2456f22ef

Time (s): cpu = 00:00:13 ; elapsed = 00:00:08 . Memory (MB): peak = 1949.359 ; gain = 0.000

Phase 3.5 Small Shape Detail Placement
Phase 3.5 Small Shape Detail Placement | Checksum: 243bc1210

Time (s): cpu = 00:00:20 ; elapsed = 00:00:14 . Memory (MB): peak = 1949.359 ; gain = 0.000

Phase 3.6 Re-assign LUT pins
Phase 3.6 Re-assign LUT pins | Checksum: 243bc1210

Time (s): cpu = 00:00:23 ; elapsed = 00:00:17 . Memory (MB): peak = 1949.359 ; gain = 0.000

Phase 3.7 Pipeline Register Optimization
Phase 3.7 Pipeline Register Optimization | Checksum: 243bc1210

Time (s): cpu = 00:00:23 ; elapsed = 00:00:17 . Memory (MB): peak = 1949.359 ; gain = 0.000
Phase 3 Detail Placement | Checksum: 243bc1210

Time (s): cpu = 00:00:23 ; elapsed = 00:00:17 . Memory (MB): peak = 1949.359 ; gain = 0.000

Phase 4 Post Placement Optimization and Clean-Up

Phase 4.1 Post Commit Optimization
Phase 4.1 Post Commit Optimization | Checksum: 243bc1210

Time (s): cpu = 00:00:23 ; elapsed = 00:00:17 . Memory (MB): peak = 1949.359 ; gain = 0.000

Phase 4.2 Post Placement Cleanup
Phase 4.2 Post Placement Cleanup | Checksum: 243bc1210

Time (s): cpu = 00:00:23 ; elapsed = 00:00:18 . Memory (MB): peak = 1949.359 ; gain = 0.000

Phase 4.3 Placer Reporting

Phase 4.3.1 Print Estimated Congestion
INFO: [Place 30-612] Post-Placement Estimated Congestion 
 ____________________________________________________
|           | Global Congestion | Short Congestion  |
| Direction | Region Size       | Region Size       |
|___________|___________________|___________________|
|      North|                1x1|                2x2|
|___________|___________________|___________________|
|      South|                1x1|                4x4|
|___________|___________________|___________________|
|       East|                1x1|                1x1|
|___________|___________________|___________________|
|       West|                1x1|                1x1|
|___________|___________________|___________________|

Phase 4.3.1 Print Estimated Congestion | Checksum: 243bc1210

Time (s): cpu = 00:00:23 ; elapsed = 00:00:18 . Memory (MB): peak = 1949.359 ; gain = 0.000
Phase 4.3 Placer Reporting | Checksum: 243bc1210

Time (s): cpu = 00:00:23 ; elapsed = 00:00:18 . Memory (MB): peak = 1949.359 ; gain = 0.000

Phase 4.4 Final Placement Cleanup
Netlist sorting complete. Time (s): cpu = 00:00:00 ; elapsed = 00:00:00.005 . Memory (MB): peak = 1949.359 ; gain = 0.000

Time (s): cpu = 00:00:23 ; elapsed = 00:00:18 . Memory (MB): peak = 1949.359 ; gain = 0.000
Phase 4 Post Placement Optimization and Clean-Up | Checksum: 276dc85fb

Time (s): cpu = 00:00:23 ; elapsed = 00:00:18 . Memory (MB): peak = 1949.359 ; gain = 0.000
Ending Placer Task | Checksum: 17eb28660

Time (s): cpu = 00:00:23 ; elapsed = 00:00:18 . Memory (MB): peak = 1949.359 ; gain = 0.000
42 Infos, 2 Warnings, 0 Critical Warnings and 0 Errors encountered.
place_design completed successfully
place_design: Time (s): cpu = 00:00:24 ; elapsed = 00:00:19 . Memory (MB): peak = 1949.359 ; gain = 0.000
INFO: [Vivado 12-24838] Running report commands "report_control_sets, report_io, report_utilization" in parallel.
Running report generation with 2 threads.
INFO: [Vivado 12-24828] Executing command : report_io -file MariusMethod_25_io_placed.rpt
report_io: Time (s): cpu = 00:00:01 ; elapsed = 00:00:00.089 . Memory (MB): peak = 1949.359 ; gain = 0.000
INFO: [Vivado 12-24828] Executing command : report_utilization -file MariusMethod_25_utilization_placed.rpt -pb MariusMethod_25_utilization_placed.pb
INFO: [Vivado 12-24828] Executing command : report_control_sets -verbose -file MariusMethod_25_control_sets_placed.rpt
report_control_sets: Time (s): cpu = 00:00:00 ; elapsed = 00:00:00.004 . Memory (MB): peak = 1949.359 ; gain = 0.000
Wrote PlaceDB: Time (s): cpu = 00:00:00 ; elapsed = 00:00:00 . Memory (MB): peak = 1949.359 ; gain = 0.000
Wrote PulsedLatchDB: Time (s): cpu = 00:00:00 ; elapsed = 00:00:00 . Memory (MB): peak = 1949.359 ; gain = 0.000
Writing XDEF routing.
Write ShapeDB Complete: Time (s): cpu = 00:00:00 ; elapsed = 00:00:00.016 . Memory (MB): peak = 1949.359 ; gain = 0.000
Writing XDEF routing logical nets.
Writing XDEF routing special nets.
Wrote RouteStorage: Time (s): cpu = 00:00:00 ; elapsed = 00:00:00.084 . Memory (MB): peak = 1949.359 ; gain = 0.000
Wrote PlaceStorage: Time (s): cpu = 00:00:01 ; elapsed = 00:00:00.636 . Memory (MB): peak = 1949.359 ; gain = 0.000
Wrote Netlist Cache: Time (s): cpu = 00:00:00 ; elapsed = 00:00:00.019 . Memory (MB): peak = 1949.359 ; gain = 0.000
Wrote Device Cache: Time (s): cpu = 00:00:00 ; elapsed = 00:00:00.010 . Memory (MB): peak = 1949.359 ; gain = 0.000
Write Physdb Complete: Time (s): cpu = 00:00:01 ; elapsed = 00:00:00.763 . Memory (MB): peak = 1949.359 ; gain = 0.000
INFO: [Common 17-1381] The checkpoint 'C:/Users/arthu/Marius/Marius.runs/impl_1/MariusMethod_25_placed.dcp' has been generated.
Command: phys_opt_design
Attempting to get a license for feature 'Implementation' and/or device 'xc7z007s'
INFO: [Common 17-349] Got license for feature 'Implementation' and/or device 'xc7z007s'

Starting Initial Update Timing Task

Time (s): cpu = 00:00:01 ; elapsed = 00:00:00.157 . Memory (MB): peak = 1949.359 ; gain = 0.000
INFO: [Vivado_Tcl 4-235] No timing constraint found. The netlist was not modified.
INFO: [Common 17-83] Releasing license: Implementation
50 Infos, 2 Warnings, 0 Critical Warnings and 0 Errors encountered.
phys_opt_design completed successfully
Wrote PlaceDB: Time (s): cpu = 00:00:00 ; elapsed = 00:00:00 . Memory (MB): peak = 1949.359 ; gain = 0.000
Wrote PulsedLatchDB: Time (s): cpu = 00:00:00 ; elapsed = 00:00:00 . Memory (MB): peak = 1949.359 ; gain = 0.000
Writing XDEF routing.
Write ShapeDB Complete: Time (s): cpu = 00:00:00 ; elapsed = 00:00:00.017 . Memory (MB): peak = 1949.359 ; gain = 0.000
Writing XDEF routing logical nets.
Writing XDEF routing special nets.
Wrote RouteStorage: Time (s): cpu = 00:00:00 ; elapsed = 00:00:00.034 . Memory (MB): peak = 1949.359 ; gain = 0.000
Wrote PlaceStorage: Time (s): cpu = 00:00:01 ; elapsed = 00:00:00.659 . Memory (MB): peak = 1949.359 ; gain = 0.000
Wrote Netlist Cache: Time (s): cpu = 00:00:00 ; elapsed = 00:00:00.019 . Memory (MB): peak = 1949.359 ; gain = 0.000
Wrote Device Cache: Time (s): cpu = 00:00:00 ; elapsed = 00:00:00.009 . Memory (MB): peak = 1949.359 ; gain = 0.000
Write Physdb Complete: Time (s): cpu = 00:00:01 ; elapsed = 00:00:00.733 . Memory (MB): peak = 1949.359 ; gain = 0.000
INFO: [Common 17-1381] The checkpoint 'C:/Users/arthu/Marius/Marius.runs/impl_1/MariusMethod_25_physopt.dcp' has been generated.
Command: route_design
Attempting to get a license for feature 'Implementation' and/or device 'xc7z007s'
INFO: [Common 17-349] Got license for feature 'Implementation' and/or device 'xc7z007s'


Starting Routing Task
INFO: [Route 35-254] Multithreading enabled for route_design using a maximum of 2 CPUs

Phase 1 Build RT Design
Checksum: PlaceDB: 8604df30 ConstDB: 0 ShapeSum: 52cdb738 RouteDB: a5dfeff8
Post Restoration Checksum: NetGraph: 18602345 | NumContArr: b07c7dd7 | Constraints: c2a8fa9d | Timing: c2a8fa9d
Phase 1 Build RT Design | Checksum: 24e2e9656

Time (s): cpu = 00:00:15 ; elapsed = 00:00:13 . Memory (MB): peak = 1949.359 ; gain = 0.000

Phase 2 Router Initialization
INFO: [Route 35-64] No timing constraints were detected. The router will operate in resource-optimization mode.

Phase 2.1 Fix Topology Constraints
Phase 2.1 Fix Topology Constraints | Checksum: 24e2e9656

Time (s): cpu = 00:00:16 ; elapsed = 00:00:13 . Memory (MB): peak = 1949.359 ; gain = 0.000

Phase 2.2 Pre Route Cleanup
Phase 2.2 Pre Route Cleanup | Checksum: 24e2e9656

Time (s): cpu = 00:00:16 ; elapsed = 00:00:13 . Memory (MB): peak = 1949.359 ; gain = 0.000
 Number of Nodes with overlaps = 0

Router Utilization Summary
  Global Vertical Routing Utilization    = 0 %
  Global Horizontal Routing Utilization  = 0 %
  Routable Net Status*
  *Does not include unroutable nets such as driverless and loadless.
  Run report_route_status for detailed report.
  Number of Failed Nets               = 15141
    (Failed Nets is the sum of unrouted and partially routed nets)
  Number of Unrouted Nets             = 15141
  Number of Partially Routed Nets     = 0
  Number of Node Overlaps             = 0

Phase 2 Router Initialization | Checksum: 28a5563ad

Time (s): cpu = 00:00:16 ; elapsed = 00:00:14 . Memory (MB): peak = 1949.359 ; gain = 0.000

Phase 3 Global Routing
Phase 3 Global Routing | Checksum: 28a5563ad

Time (s): cpu = 00:00:16 ; elapsed = 00:00:14 . Memory (MB): peak = 1949.359 ; gain = 0.000

Phase 4 Initial Routing

Phase 4.1 Initial Net Routing Pass
Phase 4.1 Initial Net Routing Pass | Checksum: 28d7e7654

Time (s): cpu = 00:00:19 ; elapsed = 00:00:15 . Memory (MB): peak = 1949.359 ; gain = 0.000
Phase 4 Initial Routing | Checksum: 28d7e7654

Time (s): cpu = 00:00:19 ; elapsed = 00:00:15 . Memory (MB): peak = 1949.359 ; gain = 0.000

Phase 5 Rip-up And Reroute

Phase 5.1 Global Iteration 0
 Number of Nodes with overlaps = 1665
 Number of Nodes with overlaps = 0
Phase 5.1 Global Iteration 0 | Checksum: 273d2255e

Time (s): cpu = 00:00:23 ; elapsed = 00:00:18 . Memory (MB): peak = 1949.359 ; gain = 0.000
Phase 5 Rip-up And Reroute | Checksum: 273d2255e

Time (s): cpu = 00:00:23 ; elapsed = 00:00:18 . Memory (MB): peak = 1949.359 ; gain = 0.000

Phase 6 Delay and Skew Optimization
Phase 6 Delay and Skew Optimization | Checksum: 273d2255e

Time (s): cpu = 00:00:23 ; elapsed = 00:00:18 . Memory (MB): peak = 1949.359 ; gain = 0.000

Phase 7 Post Hold Fix

Phase 7.1 Hold Fix Iter
Phase 7.1 Hold Fix Iter | Checksum: 273d2255e

Time (s): cpu = 00:00:23 ; elapsed = 00:00:18 . Memory (MB): peak = 1949.359 ; gain = 0.000
Phase 7 Post Hold Fix | Checksum: 273d2255e

Time (s): cpu = 00:00:23 ; elapsed = 00:00:18 . Memory (MB): peak = 1949.359 ; gain = 0.000

Phase 8 Route finalize

Router Utilization Summary
  Global Vertical Routing Utilization    = 6.87584 %
  Global Horizontal Routing Utilization  = 8.63902 %
  Routable Net Status*
  *Does not include unroutable nets such as driverless and loadless.
  Run report_route_status for detailed report.
  Number of Failed Nets               = 0
    (Failed Nets is the sum of unrouted and partially routed nets)
  Number of Unrouted Nets             = 0
  Number of Partially Routed Nets     = 0
  Number of Node Overlaps             = 0


--GLOBAL Congestion:
Utilization threshold used for congestion level computation: 0.85
Congestion Report
North Dir 1x1 Area, Max Cong = 44.1441%, No Congested Regions.
South Dir 1x1 Area, Max Cong = 31.5315%, No Congested Regions.
East Dir 1x1 Area, Max Cong = 41.1765%, No Congested Regions.
West Dir 1x1 Area, Max Cong = 45.5882%, No Congested Regions.

------------------------------
Reporting congestion hotspots
------------------------------
Direction: North
----------------
Congested clusters found at Level 0
Effective congestion level: 0 Aspect Ratio: 1 Sparse Ratio: 0
Direction: South
----------------
Congested clusters found at Level 0
Effective congestion level: 0 Aspect Ratio: 1 Sparse Ratio: 0
Direction: East
----------------
Congested clusters found at Level 0
Effective congestion level: 0 Aspect Ratio: 1 Sparse Ratio: 0
Direction: West
----------------
Congested clusters found at Level 0
Effective congestion level: 0 Aspect Ratio: 1 Sparse Ratio: 0

Phase 8 Route finalize | Checksum: 273d2255e

Time (s): cpu = 00:00:23 ; elapsed = 00:00:18 . Memory (MB): peak = 1949.359 ; gain = 0.000

Phase 9 Verifying routed nets

 Verification completed successfully
Phase 9 Verifying routed nets | Checksum: 273d2255e

Time (s): cpu = 00:00:23 ; elapsed = 00:00:18 . Memory (MB): peak = 1949.359 ; gain = 0.000

Phase 10 Depositing Routes
Phase 10 Depositing Routes | Checksum: 29ffe0030

Time (s): cpu = 00:00:27 ; elapsed = 00:00:22 . Memory (MB): peak = 1949.359 ; gain = 0.000

Phase 11 Post Process Routing
Phase 11 Post Process Routing | Checksum: 29ffe0030

Time (s): cpu = 00:00:27 ; elapsed = 00:00:22 . Memory (MB): peak = 1949.359 ; gain = 0.000
Total Elapsed time in route_design: 21.813 secs

Phase 12 Post-Route Event Processing
Phase 12 Post-Route Event Processing | Checksum: 1675c49a5

Time (s): cpu = 00:00:27 ; elapsed = 00:00:22 . Memory (MB): peak = 1949.359 ; gain = 0.000
INFO: [Route 35-16] Router Completed Successfully
Ending Routing Task | Checksum: 1675c49a5

Time (s): cpu = 00:00:27 ; elapsed = 00:00:22 . Memory (MB): peak = 1949.359 ; gain = 0.000

Routing Is Done.
INFO: [Common 17-83] Releasing license: Implementation
56 Infos, 2 Warnings, 0 Critical Warnings and 0 Errors encountered.
route_design completed successfully
route_design: Time (s): cpu = 00:00:27 ; elapsed = 00:00:22 . Memory (MB): peak = 1949.359 ; gain = 0.000
INFO: [Vivado 12-24828] Executing command : report_drc -file MariusMethod_25_drc_routed.rpt -pb MariusMethod_25_drc_routed.pb -rpx MariusMethod_25_drc_routed.rpx
Command: report_drc -file MariusMethod_25_drc_routed.rpt -pb MariusMethod_25_drc_routed.pb -rpx MariusMethod_25_drc_routed.rpx
INFO: [IP_Flow 19-1839] IP Catalog is up to date.
INFO: [DRC 23-27] Running DRC with 2 threads
INFO: [Vivado_Tcl 2-168] The results of DRC are in file C:/Users/arthu/Marius/Marius.runs/impl_1/MariusMethod_25_drc_routed.rpt.
report_drc completed successfully
INFO: [Vivado 12-24828] Executing command : report_methodology -file MariusMethod_25_methodology_drc_routed.rpt -pb MariusMethod_25_methodology_drc_routed.pb -rpx MariusMethod_25_methodology_drc_routed.rpx
Command: report_methodology -file MariusMethod_25_methodology_drc_routed.rpt -pb MariusMethod_25_methodology_drc_routed.pb -rpx MariusMethod_25_methodology_drc_routed.rpx
INFO: [Timing 38-35] Done setting XDC timing constraints.
INFO: [DRC 23-133] Running Methodology with 2 threads
INFO: [Vivado_Tcl 2-1520] The results of Report Methodology are in file C:/Users/arthu/Marius/Marius.runs/impl_1/MariusMethod_25_methodology_drc_routed.rpt.
report_methodology completed successfully
INFO: [Vivado 12-24828] Executing command : report_timing_summary -max_paths 10 -routable_nets -report_unconstrained -file MariusMethod_25_timing_summary_routed.rpt -pb MariusMethod_25_timing_summary_routed.pb -rpx MariusMethod_25_timing_summary_routed.rpx -warn_on_violation 
INFO: [Timing 38-35] Done setting XDC timing constraints.
INFO: [Timing 38-91] UpdateTimingParams: Speed grade: -1, Delay Type: min_max.
INFO: [Timing 38-191] Multithreading enabled for timing update using a maximum of 2 CPUs
WARNING: [Timing 38-313] There are no user specified timing constraints. Timing constraints are needed for proper timing analysis.
INFO: [Vivado 12-24838] Running report commands "report_incremental_reuse, report_route_status" in parallel.
Running report generation with 2 threads.
INFO: [Vivado 12-24828] Executing command : report_incremental_reuse -file MariusMethod_25_incremental_reuse_routed.rpt
INFO: [Vivado_Tcl 4-1062] Incremental flow is disabled. No incremental reuse Info to report.
INFO: [Vivado 12-24828] Executing command : report_route_status -file MariusMethod_25_route_status.rpt -pb MariusMethod_25_route_status.pb
INFO: [Vivado 12-24828] Executing command : report_power -file MariusMethod_25_power_routed.rpt -pb MariusMethod_25_power_summary_routed.pb -rpx MariusMethod_25_power_routed.rpx
Command: report_power -file MariusMethod_25_power_routed.rpt -pb MariusMethod_25_power_summary_routed.pb -rpx MariusMethod_25_power_routed.rpx
WARNING: [Power 33-232] No user defined clocks were found in the design! Power estimation will be inaccurate until this is corrected.
Resolution: Please specify clocks using create_clock/create_generated_clock for sequential elements. For pure combinatorial circuits, please specify a virtual clock, otherwise the vectorless estimation might be inaccurate
Running Vector-less Activity Propagation...

Finished Running Vector-less Activity Propagation
73 Infos, 4 Warnings, 0 Critical Warnings and 0 Errors encountered.
report_power completed successfully
report_power: Time (s): cpu = 00:00:10 ; elapsed = 00:00:08 . Memory (MB): peak = 1949.359 ; gain = 0.000
INFO: [Vivado 12-24828] Executing command : report_clock_utilization -file MariusMethod_25_clock_utilization_routed.rpt
INFO: [Vivado 12-24828] Executing command : report_bus_skew -warn_on_violation -file MariusMethod_25_bus_skew_routed.rpt -pb MariusMethod_25_bus_skew_routed.pb -rpx MariusMethod_25_bus_skew_routed.rpx
INFO: [Timing 38-91] UpdateTimingParams: Speed grade: -1, Delay Type: min_max.
INFO: [Timing 38-191] Multithreading enabled for timing update using a maximum of 2 CPUs
generate_parallel_reports: Time (s): cpu = 00:00:22 ; elapsed = 00:00:16 . Memory (MB): peak = 1949.359 ; gain = 0.000
Wrote PlaceDB: Time (s): cpu = 00:00:00 ; elapsed = 00:00:00 . Memory (MB): peak = 1949.359 ; gain = 0.000
Wrote PulsedLatchDB: Time (s): cpu = 00:00:00 ; elapsed = 00:00:00 . Memory (MB): peak = 1949.359 ; gain = 0.000
Writing XDEF routing.
Write ShapeDB Complete: Time (s): cpu = 00:00:00 ; elapsed = 00:00:00.015 . Memory (MB): peak = 1949.359 ; gain = 0.000
Writing XDEF routing logical nets.
Writing XDEF routing special nets.
Wrote RouteStorage: Time (s): cpu = 00:00:00 ; elapsed = 00:00:00.161 . Memory (MB): peak = 1949.359 ; gain = 0.000
Wrote PlaceStorage: Time (s): cpu = 00:00:01 ; elapsed = 00:00:00.632 . Memory (MB): peak = 1949.359 ; gain = 0.000
Wrote Netlist Cache: Time (s): cpu = 00:00:00 ; elapsed = 00:00:00.019 . Memory (MB): peak = 1949.359 ; gain = 0.000
Wrote Device Cache: Time (s): cpu = 00:00:00 ; elapsed = 00:00:00.009 . Memory (MB): peak = 1949.359 ; gain = 0.000
Write Physdb Complete: Time (s): cpu = 00:00:01 ; elapsed = 00:00:00.833 . Memory (MB): peak = 1949.359 ; gain = 0.000
INFO: [Common 17-1381] The checkpoint 'C:/Users/arthu/Marius/Marius.runs/impl_1/MariusMethod_25_routed.dcp' has been generated.
INFO: [Common 17-206] Exiting Vivado at Wed Jan  7 11:14:48 2026...
